Archive member included to satisfy reference by file (symbol)

/opt/devkitpro/wut/lib/libwut.a(coreinit.o)
                              main.o (OSGetSystemInfo)
/opt/devkitpro/wut/lib/libwut.a(vpad.o)
                              main.o (VPADInit)
/opt/devkitpro/wut/lib/libwut.a(crt0_rpx.o)
                              (__rpx_start)
/opt/devkitpro/wut/lib/libwut.a(wut_crt.o)
                              /opt/devkitpro/wut/lib/libwut.a(crt0_rpx.o) (__init_wut)
/opt/devkitpro/wut/lib/libwut.a(wut_preinit.o)
                              /opt/devkitpro/wut/lib/libwut.a(crt0_rpx.o) (__preinit_user)
/opt/devkitpro/wut/lib/libwut.a(wut_malloc_lock.o)
                              /opt/devkitpro/wut/lib/libwut.a(wut_preinit.o) (__init_wut_malloc_lock)
/opt/devkitpro/wut/lib/libwut.a(wut_newlib.o)
                              /opt/devkitpro/wut/lib/libwut.a(wut_crt.o) (__init_wut_newlib)
/opt/devkitpro/wut/lib/libwut.a(wut_reent.o)
                              /opt/devkitpro/wut/lib/libwut.a(wut_newlib.o) (__wut_getreent)
/opt/devkitpro/wut/lib/libwut.a(wut_sbrk.o)
                              /opt/devkitpro/wut/lib/libwut.a(wut_newlib.o) (__wut_sbrk_r)
/opt/devkitpro/wut/lib/libwut.a(wut_thread_specific.o)
                              /opt/devkitpro/wut/lib/libwut.a(wut_reent.o) (wut_set_thread_specific)
/opt/devkitpro/wut/lib/libwut.a(wut_defaultheap.o)
                              /opt/devkitpro/wut/lib/libwut.a(wut_preinit.o) (__init_wut_defaultheap)
/opt/devkitpro/wut/lib/libwut.a(wut_gthread.o)
                              /opt/devkitpro/wut/lib/libwut.a(wut_crt.o) (__init_wut_stdcpp)
/opt/devkitpro/wut/lib/libwut.a(wut_gthread_keys.o)
                              /opt/devkitpro/wut/lib/libwut.a(wut_gthread.o) (_Z16__wut_key_createP11__wut_key_tPFvPvE)
/opt/devkitpro/wut/lib/libwut.a(wut_gthread_mutex.o)
                              /opt/devkitpro/wut/lib/libwut.a(wut_gthread.o) (_Z25__wut_mutex_init_functionP7OSMutex)
/opt/devkitpro/wut/lib/libwut.a(wut_gthread_once.o)
                              /opt/devkitpro/wut/lib/libwut.a(wut_gthread.o) (_Z10__wut_oncePVjPFvvE)
/opt/devkitpro/wut/lib/libwut.a(wut_gthread_recursive_mutex.o)
                              /opt/devkitpro/wut/lib/libwut.a(wut_gthread.o) (_Z35__wut_recursive_mutex_init_functionP7OSMutex)
/opt/devkitpro/wut/lib/libwut.a(wut_gthread_thread.o)
                              /opt/devkitpro/wut/lib/libwut.a(wut_gthread.o) (_Z19__wut_thread_createPP8OSThreadPFPvS2_ES2_)
/opt/devkitpro/wut/lib/libwut.a(devoptab_fsa.o)
                              /opt/devkitpro/wut/lib/libwut.a(wut_crt.o) (__init_wut_devoptab)
/opt/devkitpro/wut/lib/libwut.a(devoptab_fsa_dirclose.o)
                              /opt/devkitpro/wut/lib/libwut.a(devoptab_fsa.o) (__wut_fsa_dirclose)
/opt/devkitpro/wut/lib/libwut.a(devoptab_fsa_dirnext.o)
                              /opt/devkitpro/wut/lib/libwut.a(devoptab_fsa.o) (__wut_fsa_dirnext)
/opt/devkitpro/wut/lib/libwut.a(devoptab_fsa_diropen.o)
                              /opt/devkitpro/wut/lib/libwut.a(devoptab_fsa.o) (__wut_fsa_diropen)
/opt/devkitpro/wut/lib/libwut.a(devoptab_fsa_dirreset.o)
                              /opt/devkitpro/wut/lib/libwut.a(devoptab_fsa.o) (__wut_fsa_dirreset)
/opt/devkitpro/wut/lib/libwut.a(devoptab_fsa_fstat.o)
                              /opt/devkitpro/wut/lib/libwut.a(devoptab_fsa.o) (__wut_fsa_fstat)
/opt/devkitpro/wut/lib/libwut.a(devoptab_fsa_fsync.o)
                              /opt/devkitpro/wut/lib/libwut.a(devoptab_fsa.o) (__wut_fsa_fsync)
/opt/devkitpro/wut/lib/libwut.a(devoptab_fsa_mkdir.o)
                              /opt/devkitpro/wut/lib/libwut.a(devoptab_fsa.o) (__wut_fsa_mkdir)
/opt/devkitpro/wut/lib/libwut.a(devoptab_fsa_open.o)
                              /opt/devkitpro/wut/lib/libwut.a(devoptab_fsa.o) (__wut_fsa_open)
/opt/devkitpro/wut/lib/libwut.a(devoptab_fsa_read.o)
                              /opt/devkitpro/wut/lib/libwut.a(devoptab_fsa.o) (__wut_fsa_read)
/opt/devkitpro/wut/lib/libwut.a(devoptab_fsa_rename.o)
                              /opt/devkitpro/wut/lib/libwut.a(devoptab_fsa.o) (__wut_fsa_rename)
/opt/devkitpro/wut/lib/libwut.a(devoptab_fsa_rmdir.o)
                              /opt/devkitpro/wut/lib/libwut.a(devoptab_fsa.o) (__wut_fsa_rmdir)
/opt/devkitpro/wut/lib/libwut.a(devoptab_fsa_seek.o)
                              /opt/devkitpro/wut/lib/libwut.a(devoptab_fsa.o) (__wut_fsa_seek)
/opt/devkitpro/wut/lib/libwut.a(devoptab_fsa_stat.o)
                              /opt/devkitpro/wut/lib/libwut.a(devoptab_fsa.o) (__wut_fsa_stat)
/opt/devkitpro/wut/lib/libwut.a(devoptab_fsa_statvfs.o)
                              /opt/devkitpro/wut/lib/libwut.a(devoptab_fsa.o) (__wut_fsa_statvfs)
/opt/devkitpro/wut/lib/libwut.a(devoptab_fsa_truncate.o)
                              /opt/devkitpro/wut/lib/libwut.a(devoptab_fsa.o) (__wut_fsa_ftruncate)
/opt/devkitpro/wut/lib/libwut.a(devoptab_fsa_unlink.o)
[...]
Memory Configuration

Name             Origin             Length             Attributes
codemem          0x02000000         0x0e000000         xrw
datamem          0x10000000         0x32000000         rw
loadmem          0xc0000000         0x08000000         xrw
*default*        0x00000000         0xffffffff

Linker script and memory map

                0x02000000                        . = ORIGIN (codemem)

.syscall
 *(.syscall .syscall.*)

.text           0x02000000     0xf30c
 *(.crt0)
 .crt0          0x02000000       0x60 /opt/devkitpro/wut/lib/libwut.a(crt0_rpx.o)
                                 0x50 (size before relaxing)
                0x02000000                __rpx_start
 *(SORT_NONE(.init))
 .init          0x02000060        0xc /opt/devkitpro/devkitPPC/bin/../lib/gcc/powerpc-eabi/15.1.0/ecrti.o
                0x02000060                __init
 .init          0x0200006c        0x4 /opt/devkitpro/devkitPPC/bin/../lib/gcc/powerpc-eabi/15.1.0/crtbegin.o
 .init          0x02000070        0x4 /opt/devkitpro/devkitPPC/bin/../lib/gcc/powerpc-eabi/15.1.0/crtend.o
 .init          0x02000074       0x10 /opt/devkitpro/devkitPPC/bin/../lib/gcc/powerpc-eabi/15.1.0/ecrtn.o
 *(.text.unlikely .text.*_unlikely .text.unlikely.*)
 .text.unlikely.abort
                0x02000084       0x2c /opt/devkitpro/devkitPPC/bin/../lib/gcc/powerpc-eabi/15.1.0/../../../../powerpc-eabi/lib/libsysbase.a(libsysbase_libsysbase_a-abort.o)
                0x02000084                abort
 *(.text.exit .text.exit.*)
 .text.exit     0x020000b0       0x3c /opt/devkitpro/devkitPPC/bin/../lib/gcc/powerpc-eabi/15.1.0/../../../../powerpc-eabi/lib/libc.a(libc_a-exit.o)
                0x020000b0                exit
 *(.text.startup .text.startup.*)
 .text.startup.main
                0x020000ec      0x834 main.o
                                0x784 (size before relaxing)
                0x020000ec                main
 .text.startup.register_fini
                0x02000920        0xc /opt/devkitpro/devkitPPC/bin/../lib/gcc/powerpc-eabi/15.1.0/../../../../powerpc-eabi/lib/libc.a(libc_a-__call_atexit.o)
 *(.text.hot .text.hot.*)
 *(SORT_BY_NAME(.text.sorted.*))
 *(.text .stub .text.* .gnu.linkonce.t.*)
 .text.__do_global_dtors_aux
                0x0200092c       0xcc /opt/devkitpro/devkitPPC/bin/../lib/gcc/powerpc-eabi/15.1.0/crtbegin.o
 .text.frame_dummy
                0x020009f8       0x24 /opt/devkitpro/devkitPPC/bin/../lib/gcc/powerpc-eabi/15.1.0/crtbegin.o
 .text.cleanup_and_exit.part.0
                0x02000a1c       0x88 main.o
                                 0x48 (size before relaxing)
 .text.__init_wut
                0x02000aa4       0x48 /opt/devkitpro/wut/lib/libwut.a(wut_crt.o)
                0x02000aa4                __init_wut
 .text.__fini_wut
                0x02000aec       0x38 /opt/devkitpro/wut/lib/libwut.a(wut_crt.o)
                0x02000aec                __fini_wut
 .text.__preinit_user
                0x02000b24       0x28 /opt/devkitpro/wut/lib/libwut.a(wut_preinit.o)
                0x02000b24                __preinit_user
 .text.__wut_malloc_lock
                0x02000b4c       0x1c /opt/devkitpro/wut/lib/libwut.a(wut_malloc_lock.o)
                                  0xc (size before relaxing)
                0x02000b4c                __wut_malloc_lock
 .text.__wut_malloc_unlock
                0x02000b68       0x1c /opt/devkitpro/wut/lib/libwut.a(wut_malloc_lock.o)
                                  0xc (size before relaxing)
                0x02000b68                __wut_malloc_unlock
 .text.__init_wut_malloc_lock
                0x02000b84       0x1c /opt/devkitpro/wut/lib/libwut.a(wut_malloc_lock.o)
                                  0xc (size before relaxing)
                0x02000b84                __init_wut_malloc_lock
 .text.__wut__abort
                0x02000ba0       0x54 /opt/devkitpro/wut/lib/libwut.a(wut_newlib.o)
                                 0x34 (size before relaxing)
                0x02000ba0                __wut__abort
 .text.__wut__assert_func
                0x02000bf4      0x178 /opt/devkitpro/wut/lib/libwut.a(wut_newlib.o)
                                0x148 (size before relaxing)
                0x02000bf4                __wut__assert_func
 .text._sbrk_r  0x02000d6c        0x4 /opt/devkitpro/wut/lib/libwut.a(wut_newlib.o)
                0x02000d6c                _sbrk_r
 .text.__syscall_lock_acquire
                0x02000d70        0x4 /opt/devkitpro/wut/lib/libwut.a(wut_newlib.o)
                0x02000d70                __syscall_lock_acquire
 .text.__syscall_lock_release
                0x02000d74        0x4 /opt/devkitpro/wut/lib/libwut.a(wut_newlib.o)
                0x02000d74                __syscall_lock_release
 .text.__syscall_lock_init_recursive
                0x02000d78        0x8 /opt/devkitpro/wut/lib/libwut.a(wut_newlib.o)
                0x02000d78                __syscall_lock_init_recursive
 .text.__syscall_malloc_lock
                0x02000d80        0x4 /opt/devkitpro/wut/lib/libwut.a(wut_newlib.o)
                0x02000d80                __syscall_malloc_lock
 .text.__syscall_malloc_unlock
                0x02000d84        0x4 /opt/devkitpro/wut/lib/libwut.a(wut_newlib.o)
                0x02000d84                __syscall_malloc_unlock
 .text.__syscall_getreent
                0x02000d88        0x4 /opt/devkitpro/wut/lib/libwut.a(wut_newlib.o)
                0x02000d88                __syscall_getreent
 .text.__syscall_exit
                0x02000d8c       0x3c /opt/devkitpro/wut/lib/libwut.a(wut_newlib.o)
                0x02000d8c                __syscall_exit
 .text.__syscall_abort
                0x02000dc8       0x10 /opt/devkitpro/wut/lib/libwut.a(wut_newlib.o)
                0x02000dc8                __syscall_abort
 .text.__syscall_assert_func
                0x02000dd8       0x10 /opt/devkitpro/wut/lib/libwut.a(wut_newlib.o)
                0x02000dd8                __syscall_assert_func
 .text.__init_wut_newlib
                0x02000de8       0x14 /opt/devkitpro/wut/lib/libwut.a(wut_newlib.o)
                0x02000de8                __init_wut_newlib
 .text.__fini_wut_newlib
                0x02000dfc        0x4 /opt/devkitpro/wut/lib/libwut.a(wut_newlib.o)
                0x02000dfc                __fini_wut_newlib
 .text.__wut_thread_cleanup
                0x02000e00       0xac /opt/devkitpro/wut/lib/libwut.a(wut_reent.o)
 .text.__wut_getreent
                0x02000eac      0x12c /opt/devkitpro/wut/lib/libwut.a(wut_reent.o)
                                0x10c (size before relaxing)
                0x02000eac                __wut_getreent
 .text.__wut_sbrk_r
                0x02000fd8       0xd4 /opt/devkitpro/wut/lib/libwut.a(wut_sbrk.o)
                                 0xc4 (size before relaxing)
                0x02000fd8                __wut_sbrk_r
 .text.__init_wut_sbrk_heap
                0x020010ac       0x90 /opt/devkitpro/wut/lib/libwut.a(wut_sbrk.o)
                                 0x70 (size before relaxing)
                0x020010ac                __init_wut_sbrk_heap
 .text.__fini_wut_sbrk_heap
                0x0200113c       0x88 /opt/devkitpro/wut/lib/libwut.a(wut_sbrk.o)
                                 0x78 (size before relaxing)
                0x0200113c                __fini_wut_sbrk_heap
 .text.wut_set_thread_specific
                0x020011c4       0x18 /opt/devkitpro/wut/lib/libwut.a(wut_thread_specific.o)
                                  0x8 (size before relaxing)
                0x020011c4                wut_set_thread_specific
 .text.wut_get_thread_specific
                0x020011dc       0x18 /opt/devkitpro/wut/lib/libwut.a(wut_thread_specific.o)
                                  0x8 (size before relaxing)
                0x020011dc                wut_get_thread_specific
 .text.__wut_alloc_from_defaultheap
                0x020011f4        0x4 /opt/devkitpro/wut/lib/libwut.a(wut_defaultheap.o)
                0x020011f4                __wut_alloc_from_defaultheap
 .text.__wut_alloc_from_defaultheap_ex
                0x020011f8       0x10 /opt/devkitpro/wut/lib/libwut.a(wut_defaultheap.o)
                0x020011f8                __wut_alloc_from_defaultheap_ex
 .text.__wut_free_to_defaultheap
                0x02001208        0x4 /opt/devkitpro/wut/lib/libwut.a(wut_defaultheap.o)
                0x02001208                __wut_free_to_defaultheap
 .text.__init_wut_defaultheap
                0x0200120c       0x34 /opt/devkitpro/wut/lib/libwut.a(wut_defaultheap.o)
                0x0200120c                __init_wut_defaultheap
 .text.__init_wut_stdcpp
                0x02001240        0x4 /opt/devkitpro/wut/lib/libwut.a(wut_gthread.o)
                0x02001240                __init_wut_stdcpp
 .text.__fini_wut_stdcpp
                0x02001244        0x4 /opt/devkitpro/wut/lib/libwut.a(wut_gthread.o)
                0x02001244                __fini_wut_stdcpp
 .text.__init_wut_devoptab
                0x02001248      0x20c /opt/devkitpro/wut/lib/libwut.a(devoptab_fsa.o)
                                0x1bc (size before relaxing)
                0x02001248                __init_wut_devoptab
 .text.__fini_wut_devoptab
                0x02001454       0xac /opt/devkitpro/wut/lib/libwut.a(devoptab_fsa.o)
                                 0x8c (size before relaxing)
                0x02001454                __fini_wut_devoptab
 .text.__wut_fsa_dirclose
                0x02001500       0xd0 /opt/devkitpro/wut/lib/libwut.a(devoptab_fsa_dirclose.o)
                                 0xa0 (size before relaxing)
                0x02001500                __wut_fsa_dirclose
 .text.__wut_fsa_dirnext
                0x020015d0      0x1dc /opt/devkitpro/wut/lib/libwut.a(devoptab_fsa_dirnext.o)
                                0x1ac (size before relaxing)
                0x020015d0                __wut_fsa_dirnext
 .text.__wut_fsa_diropen
                0x020017ac      0x1bc /opt/devkitpro/wut/lib/libwut.a(devoptab_fsa_diropen.o)
                                0x17c (size before relaxing)
                0x020017ac                __wut_fsa_diropen
 .text.__wut_fsa_dirreset
                0x02001968       0xd0 /opt/devkitpro/wut/lib/libwut.a(devoptab_fsa_dirreset.o)
                                 0xa0 (size before relaxing)
                0x02001968                __wut_fsa_dirreset
 .text.__wut_fsa_fstat
                0x02001a38      0x104 /opt/devkitpro/wut/lib/libwut.a(devoptab_fsa_fstat.o)
                                 0xd4 (size before relaxing)
                0x02001a38                __wut_fsa_fstat
 .text.__wut_fsa_fsync
                0x02001b3c       0xcc /opt/devkitpro/wut/lib/libwut.a(devoptab_fsa_fsync.o)
                                 0x9c (size before relaxing)
                0x02001b3c                __wut_fsa_fsync
 .text.__wut_fsa_mkdir
                0x02001c08       0xf0 /opt/devkitpro/wut/lib/libwut.a(devoptab_fsa_mkdir.o)
                                 0xe0 (size before relaxing)
                0x02001c08                __wut_fsa_mkdir
 .text.__wut_fsa_open
                0x02001cf8      0x53c /opt/devkitpro/wut/lib/libwut.a(devoptab_fsa_open.o)
                                0x4cc (size before relaxing)
                0x02001cf8                __wut_fsa_open
 .text.__wut_fsa_read
                0x02002234      0x1ec /opt/devkitpro/wut/lib/libwut.a(devoptab_fsa_read.o)
                                0x1bc (size before relaxing)
                0x02002234                __wut_fsa_read
 .text.__wut_fsa_rename
                0x02002420      0x124 /opt/devkitpro/wut/lib/libwut.a(devoptab_fsa_rename.o)
                                0x114 (size before relaxing)
                0x02002420                __wut_fsa_rename
 .text.__wut_fsa_rmdir
                0x02002544       0xd4 /opt/devkitpro/wut/lib/libwut.a(devoptab_fsa_rmdir.o)
                                 0xc4 (size before relaxing)
                0x02002544                __wut_fsa_rmdir
 .text.__wut_fsa_seek
                0x02002618      0x1c8 /opt/devkitpro/wut/lib/libwut.a(devoptab_fsa_seek.o)
                                0x188 (size before relaxing)
                0x02002618                __wut_fsa_seek
 .text.__wut_fsa_stat
                0x020027e0      0x128 /opt/devkitpro/wut/lib/libwut.a(devoptab_fsa_stat.o)
                                0x118 (size before relaxing)
                0x020027e0                __wut_fsa_stat
 .text.__wut_fsa_statvfs
                0x02002908      0x178 /opt/devkitpro/wut/lib/libwut.a(devoptab_fsa_statvfs.o)
                                0x168 (size before relaxing)
                0x02002908                __wut_fsa_statvfs
 .text.__wut_fsa_ftruncate
                0x02002a80      0x108 /opt/devkitpro/wut/lib/libwut.a(devoptab_fsa_truncate.o)
                                 0xc8 (size before relaxing)
                0x02002a80                __wut_fsa_ftruncate
 .text.__wut_fsa_unlink
                0x02002b88       0xd4 /opt/devkitpro/wut/lib/libwut.a(devoptab_fsa_unlink.o)
                                 0xc4 (size before relaxing)
                0x02002b88                __wut_fsa_unlink
 .text.__wut_fsa_hashstring
                0x02002c5c       0x40 /opt/devkitpro/wut/lib/libwut.a(devoptab_fsa_utils.o)
                0x02002c5c                __wut_fsa_hashstring
 .text.__wut_fsa_fixpath
                0x02002c9c      0x368 /opt/devkitpro/wut/lib/libwut.a(devoptab_fsa_utils.o)
                0x02002c9c                __wut_fsa_fixpath
 .text.__wut_fsa_translate_stat_mode
                0x02003004       0x7c /opt/devkitpro/wut/lib/libwut.a(devoptab_fsa_utils.o)
                0x02003004                __wut_fsa_translate_stat_mode
 .text.__wut_fsa_translate_stat
                0x02003080      0x144 /opt/devkitpro/wut/lib/libwut.a(devoptab_fsa_utils.o)
                0x02003080                __wut_fsa_translate_stat
 .text.__wut_fsa_translate_error
                0x020031c4       0x28 /opt/devkitpro/wut/lib/libwut.a(devoptab_fsa_utils.o)
                0x020031c4                __wut_fsa_translate_error
 .text.__wut_fsa_write
                0x020031ec      0x204 /opt/devkitpro/wut/lib/libwut.a(devoptab_fsa_write.o)
                                0x1d4 (size before relaxing)
                0x020031ec                __wut_fsa_write
 .text.__wut_lock_init
                0x020033f0       0xec /opt/devkitpro/wut/lib/libwut.a(wut_lock.o)
                                 0xcc (size before relaxing)
                0x020033f0                __wut_lock_init
 .text.__wut_lock_acquire
                0x020034dc       0x64 /opt/devkitpro/wut/lib/libwut.a(wut_lock.o)
                                 0x54 (size before relaxing)
                0x020034dc                __wut_lock_acquire
 .text.__wut_lock_release
                0x02003540       0x64 /opt/devkitpro/wut/lib/libwut.a(wut_lock.o)
                                 0x54 (size before relaxing)
                0x02003540                __wut_lock_release
 .text.__wut_fsa_chdir
                0x020035a4      0x12c /opt/devkitpro/wut/lib/libwut.a(devoptab_fsa_chdir.o)
                                0x11c (size before relaxing)
                0x020035a4                __wut_fsa_chdir
 .text.__wut_fsa_chmod
                0x020036d0       0xf0 /opt/devkitpro/wut/lib/libwut.a(devoptab_fsa_chmod.o)
                                 0xe0 (size before relaxing)
                0x020036d0                __wut_fsa_chmod
 .text.__wut_fsa_close
                0x020037c0       0xcc /opt/devkitpro/wut/lib/libwut.a(devoptab_fsa_close.o)
                                 0x9c (size before relaxing)
                0x020037c0                __wut_fsa_close
 .text.__divdi3
                0x0200388c      0x428 /opt/devkitpro/devkitPPC/bin/../lib/gcc/powerpc-eabi/15.1.0/libgcc.a(_divdi3.o)
                0x0200388c                __divdi3
 .text.__udivdi3
                0x02003cb4      0x3cc /opt/devkitpro/devkitPPC/bin/../lib/gcc/powerpc-eabi/15.1.0/libgcc.a(_udivdi3.o)
                0x02003cb4                __udivdi3
 .text          0x02004080       0x48 /opt/devkitpro/devkitPPC/bin/../lib/gcc/powerpc-eabi/15.1.0/libgcc.a(eabi.o)
                0x02004080                __eabi
 .text.chdir    0x020040c8      0x1b8 /opt/devkitpro/devkitPPC/bin/../lib/gcc/powerpc-eabi/15.1.0/../../../../powerpc-eabi/lib/libsysbase.a(libsysbase_libsysbase_a-chdir.o)
                0x020040c8                chdir
 .text._concatenate_path
                0x02004280      0x27c /opt/devkitpro/devkitPPC/bin/../lib/gcc/powerpc-eabi/15.1.0/../../../../powerpc-eabi/lib/libsysbase.a(libsysbase_libsysbase_a-concatenate.o)
                0x02004280                _concatenate_path
 .text.__getreent
                0x020044fc       0x20 /opt/devkitpro/devkitPPC/bin/../lib/gcc/powerpc-eabi/15.1.0/../../../../powerpc-eabi/lib/libsysbase.a(libsysbase_libsysbase_a-getreent.o)
                0x020044fc                __getreent
 .text.null_write
                0x0200451c        0x8 /opt/devkitpro/devkitPPC/bin/../lib/gcc/powerpc-eabi/15.1.0/../../../../powerpc-eabi/lib/libsysbase.a(libsysbase_libsysbase_a-iosupport.o)
 .text.setDefaultDevice
                0x02004524       0x18 /opt/devkitpro/devkitPPC/bin/../lib/gcc/powerpc-eabi/15.1.0/../../../../powerpc-eabi/lib/libsysbase.a(libsysbase_libsysbase_a-iosupport.o)
                0x02004524                setDefaultDevice
 .text.FindDevice
                0x0200453c      0x150 /opt/devkitpro/devkitPPC/bin/../lib/gcc/powerpc-eabi/15.1.0/../../../../powerpc-eabi/lib/libsysbase.a(libsysbase_libsysbase_a-iosupport.o)
                0x0200453c                FindDevice
 .text.RemoveDevice
                0x0200468c       0x44 /opt/devkitpro/devkitPPC/bin/../lib/gcc/powerpc-eabi/15.1.0/../../../../powerpc-eabi/lib/libsysbase.a(libsysbase_libsysbase_a-iosupport.o)
                0x0200468c                RemoveDevice
 .text.AddDevice
                0x020046d0      0x120 /opt/devkitpro/devkitPPC/bin/../lib/gcc/powerpc-eabi/15.1.0/../../../../powerpc-eabi/lib/libsysbase.a(libsysbase_libsysbase_a-iosupport.o)
                0x020046d0                AddDevice
 .text._exit    0x020047f0       0x28 /opt/devkitpro/devkitPPC/bin/../lib/gcc/powerpc-eabi/15.1.0/../../../../powerpc-eabi/lib/libsysbase.a(libsysbase_libsysbase_a-_exit.o)
                0x020047f0                _exit
 .text.strncpy  0x02004818      0x104 /opt/devkitpro/devkitPPC/bin/../lib/gcc/powerpc-eabi/15.1.0/../../../../powerpc-eabi/lib/libc.a(libc_a-strncpy.o)
                0x02004818                strncpy
 .text.strcmp   0x0200491c       0x9c /opt/devkitpro/devkitPPC/bin/../lib/gcc/powerpc-eabi/15.1.0/../../../../powerpc-eabi/lib/libc.a(libc_a-strcmp.o)
                0x0200491c                strcmp
 .text.memset   0x020049b8      0x180 /opt/devkitpro/devkitPPC/bin/../lib/gcc/powerpc-eabi/15.1.0/../../../../powerpc-eabi/lib/libc.a(libc_a-memset.o)
                0x020049b8                memset
 .text.strdup   0x02004b38       0x30 /opt/devkitpro/devkitPPC/bin/../lib/gcc/powerpc-eabi/15.1.0/../../../../powerpc-eabi/lib/libc.a(libc_a-strdup.o)
                0x02004b38                strdup
 .text.strchr   0x02004b68      0x154 /opt/devkitpro/devkitPPC/bin/../lib/gcc/powerpc-eabi/15.1.0/../../../../powerpc-eabi/lib/libc.a(libc_a-strchr.o)
                0x02004b68                strchr
 .text.memcpy   0x02004cbc      0x148 /opt/devkitpro/devkitPPC/bin/../lib/gcc/powerpc-eabi/15.1.0/../../../../powerpc-eabi/lib/libc.a(libc_a-memcpy.o)
                0x02004cbc                memcpy
 .text.strncmp  0x02004e04       0xc8 /opt/devkitpro/devkitPPC/bin/../lib/gcc/powerpc-eabi/15.1.0/../../../../powerpc-eabi/lib/libc.a(libc_a-strncmp.o)
                0x02004e04                strncmp
 .text._reclaim_reent
                0x02004ecc      0x10c /opt/devkitpro/devkitPPC/bin/../lib/gcc/powerpc-eabi/15.1.0/../../../../powerpc-eabi/lib/libc.a(libc_a-reent.o)
                0x02004ecc                _reclaim_reent
 .text._calloc_r
                0x02004fd8       0xf8 /opt/devkitpro/devkitPPC/bin/../lib/gcc/powerpc-eabi/15.1.0/../../../../powerpc-eabi/lib/libc.a(libc_a-callocr.o)
                0x02004fd8                _calloc_r
 .text.strlen   0x020050d0       0x80 /opt/devkitpro/devkitPPC/bin/../lib/gcc/powerpc-eabi/15.1.0/../../../../powerpc-eabi/lib/libc.a(libc_a-strlen.o)
                0x020050d0                strlen
 .text._strdup_r
                0x02005150       0x70 /opt/devkitpro/devkitPPC/bin/../lib/gcc/powerpc-eabi/15.1.0/../../../../powerpc-eabi/lib/libc.a(libc_a-strdup_r.o)
                0x02005150                _strdup_r
 .text._malloc_r
                0x020051c0      0x90c /opt/devkitpro/devkitPPC/bin/../lib/gcc/powerpc-eabi/15.1.0/../../../../powerpc-eabi/lib/libc.a(libc_a-mallocr.o)
                0x020051c0                _malloc_r
 .text._malloc_trim_r
                0x02005acc      0x138 /opt/devkitpro/devkitPPC/bin/../lib/gcc/powerpc-eabi/15.1.0/../../../../powerpc-eabi/lib/libc.a(libc_a-freer.o)
                0x02005acc                _malloc_trim_r
 .text._free_r  0x02005c04      0x32c /opt/devkitpro/devkitPPC/bin/../lib/gcc/powerpc-eabi/15.1.0/../../../../powerpc-eabi/lib/libc.a(libc_a-freer.o)
                0x02005c04                _free_r
 .text.sprintf  0x02005f30       0xd0 /opt/devkitpro/devkitPPC/bin/../lib/gcc/powerpc-eabi/15.1.0/../../../../powerpc-eabi/lib/libc.a(libc_a-sprintf.o)
                0x02005f30                sprintf
 .text.strrchr  0x02006000       0x78 /opt/devkitpro/devkitPPC/bin/../lib/gcc/powerpc-eabi/15.1.0/../../../../powerpc-eabi/lib/libc.a(libc_a-strrchr.o)
                0x02006000                strrchr
 .text.__errno  0x02006078       0x20 /opt/devkitpro/devkitPPC/bin/../lib/gcc/powerpc-eabi/15.1.0/../../../../powerpc-eabi/lib/libc.a(libc_a-errno.o)
                0x02006078                __errno
 .text.malloc   0x02006098       0x58 /opt/devkitpro/devkitPPC/bin/../lib/gcc/powerpc-eabi/15.1.0/../../../../powerpc-eabi/lib/libc.a(libc_a-malloc.o)
                0x02006098                malloc
 .text.free     0x020060f0       0x30 /opt/devkitpro/devkitPPC/bin/../lib/gcc/powerpc-eabi/15.1.0/../../../../powerpc-eabi/lib/libc.a(libc_a-malloc.o)
                0x020060f0                free
 .text.snprintf
                0x02006120      0x130 /opt/devkitpro/devkitPPC/bin/../lib/gcc/powerpc-eabi/15.1.0/../../../../powerpc-eabi/lib/libc.a(libc_a-snprintf.o)
                0x02006120                snprintf
 .text.strnlen  0x02006250       0xc0 /opt/devkitpro/devkitPPC/bin/../lib/gcc/powerpc-eabi/15.1.0/../../../../powerpc-eabi/lib/libc.a(libc_a-strnlen.o)
                0x02006250                strnlen
 .text.memalign
                0x02006310       0x40 /opt/devkitpro/devkitPPC/bin/../lib/gcc/powerpc-eabi/15.1.0/../../../../powerpc-eabi/lib/libc.a(libc_a-malign.o)
                0x02006310                memalign
 .text.get_arg  0x02006350      0x7bc /opt/devkitpro/devkitPPC/bin/../lib/gcc/powerpc-eabi/15.1.0/../../../../powerpc-eabi/lib/libc.a(libc_a-svfprintf.o)
 .text._svfprintf_r
                0x02006b0c     0x39f8 /opt/devkitpro/devkitPPC/bin/../lib/gcc/powerpc-eabi/15.1.0/../../../../powerpc-eabi/lib/libc.a(libc_a-svfprintf.o)
                0x02006b0c                _svfprintf_r
 .text._wcrtomb_r
                0x0200a504      0x104 /opt/devkitpro/devkitPPC/bin/../lib/gcc/powerpc-eabi/15.1.0/../../../../powerpc-eabi/lib/libc.a(libc_a-wcrtomb.o)
                0x0200a504                _wcrtomb_r
 .text._memalign_r
                0x0200a608      0x1dc /opt/devkitpro/devkitPPC/bin/../lib/gcc/powerpc-eabi/15.1.0/../../../../powerpc-eabi/lib/libc.a(libc_a-malignr.o)
                0x0200a608                _memalign_r
 .text.quorem   0x0200a7e4      0x340 /opt/devkitpro/devkitPPC/bin/../lib/gcc/powerpc-eabi/15.1.0/../../../../powerpc-eabi/lib/libc.a(libc_a-dtoa.o)
 .text._dtoa_r  0x0200ab24     0x1704 /opt/devkitpro/devkitPPC/bin/../lib/gcc/powerpc-eabi/15.1.0/../../../../powerpc-eabi/lib/libc.a(libc_a-dtoa.o)
                0x0200ab24                _dtoa_r
 .text.__call_exitprocs
                0x0200c228      0x200 /opt/devkitpro/devkitPPC/bin/../lib/gcc/powerpc-eabi/15.1.0/../../../../powerpc-eabi/lib/libc.a(libc_a-__call_atexit.o)
                0x0200c228                __call_exitprocs
 .text.memchr   0x0200c428      0x148 /opt/devkitpro/devkitPPC/bin/../lib/gcc/powerpc-eabi/15.1.0/../../../../powerpc-eabi/lib/libc.a(libc_a-memchr.o)
                0x0200c428                memchr
 .text.atexit   0x0200c570       0x14 /opt/devkitpro/devkitPPC/bin/../lib/gcc/powerpc-eabi/15.1.0/../../../../powerpc-eabi/lib/libc.a(libc_a-atexit.o)
                0x0200c570                atexit
 .text.__ssprint_r
                0x0200c584      0x10c /opt/devkitpro/devkitPPC/bin/../lib/gcc/powerpc-eabi/15.1.0/../../../../powerpc-eabi/lib/libc.a(libc_a-ssprint_r.o)
                0x0200c584                __ssprint_r
 .text.frexp    0x0200c690       0x90 /opt/devkitpro/devkitPPC/bin/../lib/gcc/powerpc-eabi/15.1.0/../../../../powerpc-eabi/lib/libc.a(libm_a-s_frexp.o)
                0x0200c690                frexp
 .text._Balloc  0x0200c720       0xf4 /opt/devkitpro/devkitPPC/bin/../lib/gcc/powerpc-eabi/15.1.0/../../../../powerpc-eabi/lib/libc.a(libc_a-mprec.o)
                0x0200c720                _Balloc
 .text._Bfree   0x0200c814       0x24 /opt/devkitpro/devkitPPC/bin/../lib/gcc/powerpc-eabi/15.1.0/../../../../powerpc-eabi/lib/libc.a(libc_a-mprec.o)
                0x0200c814                _Bfree
 .text.__multadd
                0x0200c838      0x174 /opt/devkitpro/devkitPPC/bin/../lib/gcc/powerpc-eabi/15.1.0/../../../../powerpc-eabi/lib/libc.a(libc_a-mprec.o)
                0x0200c838                __multadd
 .text.__hi0bits
                0x0200c9ac       0x98 /opt/devkitpro/devkitPPC/bin/../lib/gcc/powerpc-eabi/15.1.0/../../../../powerpc-eabi/lib/libc.a(libc_a-mprec.o)
                0x0200c9ac                __hi0bits
 .text.__lo0bits
                0x0200ca44      0x10c /opt/devkitpro/devkitPPC/bin/../lib/gcc/powerpc-eabi/15.1.0/../../../../powerpc-eabi/lib/libc.a(libc_a-mprec.o)
                0x0200ca44                __lo0bits
 .text.__i2b    0x0200cb50      0x108 /opt/devkitpro/devkitPPC/bin/../lib/gcc/powerpc-eabi/15.1.0/../../../../powerpc-eabi/lib/libc.a(libc_a-mprec.o)
                0x0200cb50                __i2b
 .text.__multiply
                0x0200cc58      0x338 /opt/devkitpro/devkitPPC/bin/../lib/gcc/powerpc-eabi/15.1.0/../../../../powerpc-eabi/lib/libc.a(libc_a-mprec.o)
                0x0200cc58                __multiply
 .text.__pow5mult
                0x0200cf90      0x19c /opt/devkitpro/devkitPPC/bin/../lib/gcc/powerpc-eabi/15.1.0/../../../../powerpc-eabi/lib/libc.a(libc_a-mprec.o)
                0x0200cf90                __pow5mult
 .text.__lshift
                0x0200d12c      0x26c /opt/devkitpro/devkitPPC/bin/../lib/gcc/powerpc-eabi/15.1.0/../../../../powerpc-eabi/lib/libc.a(libc_a-mprec.o)
                0x0200d12c                __lshift
 .text.__mcmp   0x0200d398       0xdc /opt/devkitpro/devkitPPC/bin/../lib/gcc/powerpc-eabi/15.1.0/../../../../powerpc-eabi/lib/libc.a(libc_a-mprec.o)
                0x0200d398                __mcmp
 .text.__mdiff  0x0200d474      0x314 /opt/devkitpro/devkitPPC/bin/../lib/gcc/powerpc-eabi/15.1.0/../../../../powerpc-eabi/lib/libc.a(libc_a-mprec.o)
                0x0200d474                __mdiff
 .text.__d2b    0x0200d788      0x194 /opt/devkitpro/devkitPPC/bin/../lib/gcc/powerpc-eabi/15.1.0/../../../../powerpc-eabi/lib/libc.a(libc_a-mprec.o)
                0x0200d788                __d2b
 .text._localeconv_r
                0x0200d91c       0x4c /opt/devkitpro/devkitPPC/bin/../lib/gcc/powerpc-eabi/15.1.0/../../../../powerpc-eabi/lib/libc.a(libc_a-localeconv.o)
                0x0200d91c                _localeconv_r
 .text.__locale_mb_cur_max
                0x0200d968       0x4c /opt/devkitpro/devkitPPC/bin/../lib/gcc/powerpc-eabi/15.1.0/../../../../powerpc-eabi/lib/libc.a(libc_a-locale.o)
                0x0200d968                __locale_mb_cur_max
 .text._wcsrtombs_r
                0x0200d9b4       0x10 /opt/devkitpro/devkitPPC/bin/../lib/gcc/powerpc-eabi/15.1.0/../../../../powerpc-eabi/lib/libc.a(libc_a-wcsrtombs.o)
                0x0200d9b4                _wcsrtombs_r
 .text.__utf8_mbtowc
                0x0200d9c4      0x604 /opt/devkitpro/devkitPPC/bin/../lib/gcc/powerpc-eabi/15.1.0/../../../../powerpc-eabi/lib/libc.a(libc_a-mbtowc_r.o)
                0x0200d9c4                __utf8_mbtowc
 .text.__ssputs_r
                0x0200dfc8      0x194 /opt/devkitpro/devkitPPC/bin/../lib/gcc/powerpc-eabi/15.1.0/../../../../powerpc-eabi/lib/libc.a(libc_a-ssputs_r.o)
                0x0200dfc8                __ssputs_r
 .text._wcsnrtombs_l
                0x0200e15c      0x1e4 /opt/devkitpro/devkitPPC/bin/../lib/gcc/powerpc-eabi/15.1.0/../../../../powerpc-eabi/lib/libc.a(libc_a-wcsnrtombs.o)
                0x0200e15c                _wcsnrtombs_l
 .text._wcsnrtombs_r
                0x0200e340       0xd8 /opt/devkitpro/devkitPPC/bin/../lib/gcc/powerpc-eabi/15.1.0/../../../../powerpc-eabi/lib/libc.a(libc_a-wcsnrtombs.o)
                0x0200e340                _wcsnrtombs_r
 .text.__utf8_wctomb
                0x0200e418      0x108 /opt/devkitpro/devkitPPC/bin/../lib/gcc/powerpc-eabi/15.1.0/../../../../powerpc-eabi/lib/libc.a(libc_a-wctomb_r.o)
                0x0200e418                __utf8_wctomb
 .text.__register_exitproc
                0x0200e520      0x12c /opt/devkitpro/devkitPPC/bin/../lib/gcc/powerpc-eabi/15.1.0/../../../../powerpc-eabi/lib/libc.a(libc_a-__atexit.o)
                0x0200e520                __register_exitproc
 .text._realloc_r
                0x0200e64c      0x634 /opt/devkitpro/devkitPPC/bin/../lib/gcc/powerpc-eabi/15.1.0/../../../../powerpc-eabi/lib/libc.a(libc_a-reallocr.o)
                0x0200e64c                _realloc_r
 .text.memmove  0x0200ec80      0x1b8 /opt/devkitpro/devkitPPC/bin/../lib/gcc/powerpc-eabi/15.1.0/../../../../powerpc-eabi/lib/libc.a(libc_a-memmove.o)
                0x0200ec80                memmove
 .text.__assert_func
                0x0200ee38       0x24 /opt/devkitpro/devkitPPC/bin/../lib/gcc/powerpc-eabi/15.1.0/../../../../powerpc-eabi/lib/libsysbase.a(libsysbase_libsysbase_a-assert.o)
                0x0200ee38                __assert_func
 .text.__libc_lock_acquire
                0x0200ee5c       0x14 /opt/devkitpro/devkitPPC/bin/../lib/gcc/powerpc-eabi/15.1.0/../../../../powerpc-eabi/lib/libsysbase.a(libsysbase_libsysbase_a-syscall_support.o)
                0x0200ee5c                __libc_lock_acquire
 .text.__libc_lock_release
                0x0200ee70       0x14 /opt/devkitpro/devkitPPC/bin/../lib/gcc/powerpc-eabi/15.1.0/../../../../powerpc-eabi/lib/libsysbase.a(libsysbase_libsysbase_a-syscall_support.o)
                0x0200ee70                __libc_lock_release
 .text.__libc_lock_init_recursive
                0x0200ee84       0x14 /opt/devkitpro/devkitPPC/bin/../lib/gcc/powerpc-eabi/15.1.0/../../../../powerpc-eabi/lib/libsysbase.a(libsysbase_libsysbase_a-syscall_support.o)
                0x0200ee84                __libc_lock_init_recursive
 .text.__malloc_lock
                0x0200ee98       0x14 /opt/devkitpro/devkitPPC/bin/../lib/gcc/powerpc-eabi/15.1.0/../../../../powerpc-eabi/lib/libsysbase.a(libsysbase_libsysbase_a-syscall_support.o)
                0x0200ee98                __malloc_lock
 .text.__malloc_unlock
                0x0200eeac       0x14 /opt/devkitpro/devkitPPC/bin/../lib/gcc/powerpc-eabi/15.1.0/../../../../powerpc-eabi/lib/libsysbase.a(libsysbase_libsysbase_a-syscall_support.o)
                0x0200eeac                __malloc_unlock
 .text.__umoddi3
                0x0200eec0      0x384 /opt/devkitpro/devkitPPC/bin/../lib/gcc/powerpc-eabi/15.1.0/libgcc.a(_umoddi3.o)
                0x0200eec0                __umoddi3
 .text          0x0200f244       0x58 /opt/devkitpro/devkitPPC/bin/../lib/gcc/powerpc-eabi/15.1.0/libgcc.a(crtresxgpr.o)
                0x0200f244                _restgpr_14_x
                0x0200f248                _restgpr_15_x
                0x0200f24c                _restgpr_16_x
                0x0200f250                _restgpr_17_x
                0x0200f254                _restgpr_18_x
                0x0200f258                _restgpr_19_x
                0x0200f25c                _restgpr_20_x
                0x0200f260                _restgpr_21_x
                0x0200f264                _restgpr_22_x
                0x0200f268                _restgpr_23_x
                0x0200f26c                _restgpr_24_x
                0x0200f270                _restgpr_25_x
                0x0200f274                _restgpr_26_x
                0x0200f278                _restgpr_27_x
                0x0200f27c                _restgpr_28_x
                0x0200f280                _restgpr_29_x
                0x0200f284                _restgpr_30_x
                0x0200f288                _restgpr_31_x
 .text.__do_global_ctors_aux
                0x0200f29c       0x50 /opt/devkitpro/devkitPPC/bin/../lib/gcc/powerpc-eabi/15.1.0/crtend.o
 *(.gnu.warning)
 *(.glink)
 .glink         0x0200f2ec        0x0 /opt/devkitpro/devkitPPC/bin/../lib/gcc/powerpc-eabi/15.1.0/crtbegin.o
 *(SORT_NONE(.fini))
 .fini          0x0200f2ec        0xc /opt/devkitpro/devkitPPC/bin/../lib/gcc/powerpc-eabi/15.1.0/ecrti.o
                0x0200f2ec                __fini
 .fini          0x0200f2f8        0x4 /opt/devkitpro/devkitPPC/bin/../lib/gcc/powerpc-eabi/15.1.0/crtbegin.o
 .fini          0x0200f2fc       0x10 /opt/devkitpro/devkitPPC/bin/../lib/gcc/powerpc-eabi/15.1.0/ecrtn.o
                0x10000000                        . = ORIGIN (datamem)

.rodata         0x10000000      0xaa8
 *(.sdata2 .sdata2.* .gnu.linkonce.s2.*)
 .sdata2        0x10000000        0x0 /opt/devkitpro/devkitPPC/bin/../lib/gcc/powerpc-eabi/15.1.0/ecrti.o
                0x10000000                __SDATA2_START__
 .sdata2        0x10000000        0x0 /opt/devkitpro/devkitPPC/bin/../lib/gcc/powerpc-eabi/15.1.0/crtbegin.o
                0x10008000                _SDA2_BASE_
 *(.sbss2 .sbss2.* .gnu.linkonce.sb2.*)
 .sbss2         0x10000000        0x0 /opt/devkitpro/devkitPPC/bin/../lib/gcc/powerpc-eabi/15.1.0/ecrtn.o
                0x10000000                __SBSS2_END__
 *(.rodata .rodata.* .gnu.linkonce.r.*)
 .rodata.str1.4
                0x10000000      0x28c main.o
                                 0xf2 (size before relaxing)
 .rodata.__wut__abort.str1.4
                0x1000028c        0xf /opt/devkitpro/wut/lib/libwut.a(wut_newlib.o)
 .rodata.__wut__assert_func.str1.4
                0x1000028c       0x43 /opt/devkitpro/wut/lib/libwut.a(wut_newlib.o)
 .rodata.__init_wut_devoptab.str1.4
                0x1000028c       0x33 /opt/devkitpro/wut/lib/libwut.a(devoptab_fsa.o)
 .rodata.str1.4
                0x1000028c        0x3 /opt/devkitpro/wut/lib/libwut.a(devoptab_fsa.o)
 .rodata._ZL18__wut_fsa_devoptab
                0x1000028c       0x80 /opt/devkitpro/wut/lib/libwut.a(devoptab_fsa.o)
 .rodata.__wut_fsa_dirnext.str1.4
                0x1000030c        0xb /opt/devkitpro/wut/lib/libwut.a(devoptab_fsa_dirnext.o)
 .rodata.__wut_fsa_diropen.str1.4
                0x1000030c        0x3 /opt/devkitpro/wut/lib/libwut.a(devoptab_fsa_diropen.o)
 .rodata.__wut_fsa_open.str1.4
                0x1000030c       0x1b /opt/devkitpro/wut/lib/libwut.a(devoptab_fsa_open.o)
 .rodata.__wut_fsa_fixpath.str1.4
                0x1000030c        0xb /opt/devkitpro/wut/lib/libwut.a(devoptab_fsa_utils.o)
 .rodata.CSWTCH.24
                0x1000030c       0x42 /opt/devkitpro/wut/lib/libwut.a(devoptab_fsa_utils.o)
 .rodata.__wut_fsa_chdir.str1.4
                0x1000034e        0x3 /opt/devkitpro/wut/lib/libwut.a(devoptab_fsa_chdir.o)
 .rodata.AddDevice.str1.4
                0x1000034e        0x8 /opt/devkitpro/devkitPPC/bin/../lib/gcc/powerpc-eabi/15.1.0/../../../../powerpc-eabi/lib/libsysbase.a(libsysbase_libsysbase_a-iosupport.o)
 *fill*         0x1000034e        0x2 
 .rodata.dotab_stdnull
                0x10000350       0x80 /opt/devkitpro/devkitPPC/bin/../lib/gcc/powerpc-eabi/15.1.0/../../../../powerpc-eabi/lib/libsysbase.a(libsysbase_libsysbase_a-iosupport.o)
                0x10000350                dotab_stdnull
 .rodata._ctype_
                0x100003d0      0x101 /opt/devkitpro/devkitPPC/bin/../lib/gcc/powerpc-eabi/15.1.0/../../../../powerpc-eabi/lib/libc.a(libc_a-ctype_.o)
                0x100003d0                _ctype_
 *fill*         0x100004d1        0x3 
 .rodata.get_arg
                0x100004d4       0xb0 /opt/devkitpro/devkitPPC/bin/../lib/gcc/powerpc-eabi/15.1.0/../../../../powerpc-eabi/lib/libc.a(libc_a-svfprintf.o)
 .rodata._svfprintf_r.str1.1
                0x10000584       0x3b /opt/devkitpro/devkitPPC/bin/../lib/gcc/powerpc-eabi/15.1.0/../../../../powerpc-eabi/lib/libc.a(libc_a-svfprintf.o)
 *fill*         0x100005bf        0x1 
 .rodata._svfprintf_r
                0x100005c0      0x16c /opt/devkitpro/devkitPPC/bin/../lib/gcc/powerpc-eabi/15.1.0/../../../../powerpc-eabi/lib/libc.a(libc_a-svfprintf.o)
 .rodata.zeroes.0
                0x1000072c       0x10 /opt/devkitpro/devkitPPC/bin/../lib/gcc/powerpc-eabi/15.1.0/../../../../powerpc-eabi/lib/libc.a(libc_a-svfprintf.o)
 .rodata.blanks.1
                0x1000073c       0x10 /opt/devkitpro/devkitPPC/bin/../lib/gcc/powerpc-eabi/15.1.0/../../../../powerpc-eabi/lib/libc.a(libc_a-svfprintf.o)
 .rodata.cst4   0x1000074c       0x30 /opt/devkitpro/devkitPPC/bin/../lib/gcc/powerpc-eabi/15.1.0/../../../../powerpc-eabi/lib/libc.a(libc_a-svfprintf.o)
                                 0x14 (size before relaxing)
 *fill*         0x1000077c        0x4 
 .rodata.cst8   0x10000780       0x20 /opt/devkitpro/devkitPPC/bin/../lib/gcc/powerpc-eabi/15.1.0/../../../../powerpc-eabi/lib/libc.a(libc_a-svfprintf.o)
                                  0x8 (size before relaxing)
 .rodata._dtoa_r.str1.4
                0x100007a0       0x64 /opt/devkitpro/devkitPPC/bin/../lib/gcc/powerpc-eabi/15.1.0/../../../../powerpc-eabi/lib/libc.a(libc_a-dtoa.o)
 .rodata.cst4   0x100007a0       0x24 /opt/devkitpro/devkitPPC/bin/../lib/gcc/powerpc-eabi/15.1.0/../../../../powerpc-eabi/lib/libc.a(libc_a-dtoa.o)
 .rodata.cst8   0x100007a0       0x18 /opt/devkitpro/devkitPPC/bin/../lib/gcc/powerpc-eabi/15.1.0/../../../../powerpc-eabi/lib/libc.a(libc_a-dtoa.o)
 .rodata.__action_table
                0x100007a0       0x6c /opt/devkitpro/devkitPPC/bin/../lib/gcc/powerpc-eabi/15.1.0/../../../../powerpc-eabi/lib/libc.a(libc_a-svfiprintf.o)
                0x100007a0                __action_table
 .rodata.__state_table
                0x1000080c       0x6c /opt/devkitpro/devkitPPC/bin/../lib/gcc/powerpc-eabi/15.1.0/../../../../powerpc-eabi/lib/libc.a(libc_a-svfiprintf.o)
                0x1000080c                __state_table
 .rodata.__chclass
                0x10000878      0x100 /opt/devkitpro/devkitPPC/bin/../lib/gcc/powerpc-eabi/15.1.0/../../../../powerpc-eabi/lib/libc.a(libc_a-svfiprintf.o)
                0x10000878                __chclass
 .rodata.cst4   0x10000978        0x4 /opt/devkitpro/devkitPPC/bin/../lib/gcc/powerpc-eabi/15.1.0/../../../../powerpc-eabi/lib/libc.a(libm_a-s_frexp.o)
 .rodata.__multadd.str1.4
                0x10000978       0x51 /opt/devkitpro/devkitPPC/bin/../lib/gcc/powerpc-eabi/15.1.0/../../../../powerpc-eabi/lib/libc.a(libc_a-mprec.o)
 .rodata.p05.0  0x10000978        0xc /opt/devkitpro/devkitPPC/bin/../lib/gcc/powerpc-eabi/15.1.0/../../../../powerpc-eabi/lib/libc.a(libc_a-mprec.o)
 *fill*         0x10000984        0x4 
 .rodata.__mprec_bigtens
                0x10000988       0x28 /opt/devkitpro/devkitPPC/bin/../lib/gcc/powerpc-eabi/15.1.0/../../../../powerpc-eabi/lib/libc.a(libc_a-mprec.o)
                0x10000988                __mprec_bigtens
 .rodata.__mprec_tens
                0x100009b0       0xc8 /opt/devkitpro/devkitPPC/bin/../lib/gcc/powerpc-eabi/15.1.0/../../../../powerpc-eabi/lib/libc.a(libc_a-mprec.o)
                0x100009b0                __mprec_tens
 .rodata.str1.4
                0x10000a78       0x4c /opt/devkitpro/devkitPPC/bin/../lib/gcc/powerpc-eabi/15.1.0/../../../../powerpc-eabi/lib/libc.a(libc_a-locale.o)
 *(.rodata1)
 *(.gcc_except_table .gcc_except_table.*)
 *(.gnu_extab*)
                0x10000ac4                        . = ALIGN (0x4)
                [!provide]                        PROVIDE (__preinit_array_start = .)
 *(.preinit_array)
                [!provide]                        PROVIDE (__preinit_array_end = .)
                [!provide]                        PROVIDE (__init_array_start = .)
 *crtbegin.o(.ctors)
 .ctors         0x10000a78        0x4 /opt/devkitpro/devkitPPC/bin/../lib/gcc/powerpc-eabi/15.1.0/crtbegin.o
 *crtbegin?.o(.ctors)
 *(SORT_BY_INIT_PRIORITY(.init_array.*) SORT_BY_INIT_PRIORITY(.ctors.*))
 .ctors.65535   0x10000a7c        0x4 /opt/devkitpro/devkitPPC/bin/../lib/gcc/powerpc-eabi/15.1.0/../../../../powerpc-eabi/lib/libc.a(libc_a-__call_atexit.o)
 *(.init_array EXCLUDE_FILE(*crtend?.o *crtend.o *crtbegin?.o *crtbegin.o) .ctors)
 .ctors         0x10000a80        0x0 /opt/devkitpro/devkitPPC/bin/../lib/gcc/powerpc-eabi/15.1.0/ecrti.o
                0x10000a80                __CTOR_LIST__
 .ctors         0x10000a80        0x0 /opt/devkitpro/devkitPPC/bin/../lib/gcc/powerpc-eabi/15.1.0/ecrtn.o
                0x10000a80                __CTOR_END__
 *(SORT_BY_NAME(.ctors.*))
 *(.ctors)
 .ctors         0x10000a80        0x4 /opt/devkitpro/devkitPPC/bin/../lib/gcc/powerpc-eabi/15.1.0/crtend.o
                [!provide]                        PROVIDE (__init_array_end = .)
                [!provide]                        PROVIDE (__fini_array_start = .)
 *crtbegin.o(.dtors)
 .dtors         0x10000a84        0x4 /opt/devkitpro/devkitPPC/bin/../lib/gcc/powerpc-eabi/15.1.0/crtbegin.o
 *crtbegin?.o(.dtors)
 *(SORT_BY_INIT_PRIORITY(.fini_array.*) SORT_BY_INIT_PRIORITY(.dtors.*))
 *(.fini_array EXCLUDE_FILE(*crtend?.o *crtend.o *crtbegin?.o *crtbegin.o) .dtors)
 .dtors         0x10000a88        0x0 /opt/devkitpro/devkitPPC/bin/../lib/gcc/powerpc-eabi/15.1.0/ecrti.o
                0x10000a88                __DTOR_LIST__
 .dtors         0x10000a88        0x0 /opt/devkitpro/devkitPPC/bin/../lib/gcc/powerpc-eabi/15.1.0/ecrtn.o
 *(SORT_BY_NAME(.dtors.*))
 *(.dtors)
 .dtors         0x10000a88        0x4 /opt/devkitpro/devkitPPC/bin/../lib/gcc/powerpc-eabi/15.1.0/crtend.o
                0x10000a88                __DTOR_END__
                [!provide]                        PROVIDE (__fini_array_end = .)
 *(.jcr)
 *(.fixup)
 *(.got1)
 *(.got2)
 .got2          0x10000a8c       0x1c /opt/devkitpro/devkitPPC/bin/../lib/gcc/powerpc-eabi/15.1.0/libgcc.a(eabi.o)
 *(.branch_lt)
 .branch_lt     0x10000aa8        0x0 /opt/devkitpro/devkitPPC/bin/../lib/gcc/powerpc-eabi/15.1.0/crtbegin.o
 *(.got)
 *(.plt)
 *(.tm_clone_table)

.eh_frame       0x10000aa8     0x1df0
 *(.eh_frame_hdr)
 *(.eh_frame_entry .eh_frame_entry.*)
 *(.eh_frame)
 .eh_frame      0x10000aa8        0x0 /opt/devkitpro/devkitPPC/bin/../lib/gcc/powerpc-eabi/15.1.0/ecrti.o
                0x10000aa8                __EH_FRAME_BEGIN__
 .eh_frame      0x10000aa8        0x0 /opt/devkitpro/devkitPPC/bin/../lib/gcc/powerpc-eabi/15.1.0/crtbegin.o
 .eh_frame      0x10000aa8        0x0 /opt/devkitpro/devkitPPC/bin/../lib/gcc/powerpc-eabi/15.1.0/crtbegin.o
 .eh_frame      0x10000aa8      0x134 main.o
                                0x17c (size before relaxing)
 .eh_frame      0x10000bdc       0x48 /opt/devkitpro/wut/lib/libwut.a(wut_crt.o)
                                 0x5c (size before relaxing)
 .eh_frame      0x10000c24       0x20 /opt/devkitpro/wut/lib/libwut.a(wut_preinit.o)
                                 0x34 (size before relaxing)
 .eh_frame      0x10000c44       0x3c /opt/devkitpro/wut/lib/libwut.a(wut_malloc_lock.o)
                                 0x50 (size before relaxing)
 .eh_frame      0x10000c80      0x14c /opt/devkitpro/wut/lib/libwut.a(wut_newlib.o)
                                0x228 (size before relaxing)
 .eh_frame      0x10000dcc       0x60 /opt/devkitpro/wut/lib/libwut.a(wut_reent.o)
                                 0x74 (size before relaxing)
 .eh_frame      0x10000e2c       0x80 /opt/devkitpro/wut/lib/libwut.a(wut_sbrk.o)
                                 0x94 (size before relaxing)
 .eh_frame      0x10000eac       0x28 /opt/devkitpro/wut/lib/libwut.a(wut_thread_specific.o)
                                 0x3c (size before relaxing)
 .eh_frame      0x10000ed4       0x50 /opt/devkitpro/wut/lib/libwut.a(wut_defaultheap.o)
                                 0x78 (size before relaxing)
 .eh_frame      0x10000f24       0x28 /opt/devkitpro/wut/lib/libwut.a(wut_gthread.o)
                                0x2a4 (size before relaxing)
 .eh_frame      0x10000f4c        0x0 /opt/devkitpro/wut/lib/libwut.a(wut_gthread_keys.o)
                                0x124 (size before relaxing)
 .eh_frame      0x10000f4c        0x0 /opt/devkitpro/wut/lib/libwut.a(wut_gthread_mutex.o)
                                 0x9c (size before relaxing)
 .eh_frame      0x10000f4c        0x0 /opt/devkitpro/wut/lib/libwut.a(wut_gthread_once.o)
                                 0x40 (size before relaxing)
 .eh_frame      0x10000f4c        0x0 /opt/devkitpro/wut/lib/libwut.a(wut_gthread_recursive_mutex.o)
                                 0xa8 (size before relaxing)
 .eh_frame      0x10000f4c        0x0 /opt/devkitpro/wut/lib/libwut.a(wut_gthread_thread.o)
                                0x144 (size before relaxing)
 .eh_frame      0x10000f4c       0x74 /opt/devkitpro/wut/lib/libwut.a(devoptab_fsa.o)
                                 0x88 (size before relaxing)
 .eh_frame      0x10000fc0       0x48 /opt/devkitpro/wut/lib/libwut.a(devoptab_fsa_dirclose.o)
                                 0x5c (size before relaxing)
 .eh_frame      0x10001008       0x70 /opt/devkitpro/wut/lib/libwut.a(devoptab_fsa_dirnext.o)
                                 0x84 (size before relaxing)
 .eh_frame      0x10001078       0x74 /opt/devkitpro/wut/lib/libwut.a(devoptab_fsa_diropen.o)
                                 0x88 (size before relaxing)
 .eh_frame      0x100010ec       0x48 /opt/devkitpro/wut/lib/libwut.a(devoptab_fsa_dirreset.o)
                                 0x5c (size before relaxing)
 .eh_frame      0x10001134       0x54 /opt/devkitpro/wut/lib/libwut.a(devoptab_fsa_fstat.o)
                                 0x68 (size before relaxing)
 .eh_frame      0x10001188       0x48 /opt/devkitpro/wut/lib/libwut.a(devoptab_fsa_fsync.o)
                                 0x5c (size before relaxing)
 .eh_frame      0x100011d0       0x4c /opt/devkitpro/wut/lib/libwut.a(devoptab_fsa_mkdir.o)
                                 0x60 (size before relaxing)
 .eh_frame      0x1000121c      0x120 /opt/devkitpro/wut/lib/libwut.a(devoptab_fsa_open.o)
                                0x134 (size before relaxing)
 .eh_frame      0x1000133c       0x88 /opt/devkitpro/wut/lib/libwut.a(devoptab_fsa_read.o)
                                 0x9c (size before relaxing)
 .eh_frame      0x100013c4       0x54 /opt/devkitpro/wut/lib/libwut.a(devoptab_fsa_rename.o)
                                 0x68 (size before relaxing)
 .eh_frame      0x10001418       0x44 /opt/devkitpro/wut/lib/libwut.a(devoptab_fsa_rmdir.o)
                                 0x58 (size before relaxing)
 .eh_frame      0x1000145c       0x5c /opt/devkitpro/wut/lib/libwut.a(devoptab_fsa_seek.o)
                                 0x70 (size before relaxing)
 .eh_frame      0x100014b8       0x64 /opt/devkitpro/wut/lib/libwut.a(devoptab_fsa_stat.o)
                                 0x78 (size before relaxing)
 .eh_frame      0x1000151c       0x54 /opt/devkitpro/wut/lib/libwut.a(devoptab_fsa_statvfs.o)
                                 0x68 (size before relaxing)
 .eh_frame      0x10001570       0x50 /opt/devkitpro/wut/lib/libwut.a(devoptab_fsa_truncate.o)
                                 0x64 (size before relaxing)
 .eh_frame      0x100015c0       0x44 /opt/devkitpro/wut/lib/libwut.a(devoptab_fsa_unlink.o)
                                 0x58 (size before relaxing)
 .eh_frame      0x10001604       0xcc /opt/devkitpro/wut/lib/libwut.a(devoptab_fsa_utils.o)
                                 0xe0 (size before relaxing)
 .eh_frame      0x100016d0       0x80 /opt/devkitpro/wut/lib/libwut.a(devoptab_fsa_write.o)
                                 0x94 (size before relaxing)
 .eh_frame      0x10001750        0x0 /opt/devkitpro/wut/lib/libwut.a(wut_clock.o)
                                 0xa0 (size before relaxing)
 .eh_frame      0x10001750        0x0 /opt/devkitpro/wut/lib/libwut.a(wut_gettod_r.o)
                                 0x48 (size before relaxing)
 .eh_frame      0x10001750       0x88 /opt/devkitpro/wut/lib/libwut.a(wut_lock.o)
                                 0xd4 (size before relaxing)
 .eh_frame      0x100017d8        0x0 /opt/devkitpro/wut/lib/libwut.a(wut_nanosleep.o)
                                 0x4c (size before relaxing)
 .eh_frame      0x100017d8        0x0 /opt/devkitpro/wut/lib/libwut.a(wut_gthread_cond.o)
                                0x12c (size before relaxing)
 .eh_frame      0x100017d8       0x5c /opt/devkitpro/wut/lib/libwut.a(devoptab_fsa_chdir.o)
                                 0x70 (size before relaxing)
 .eh_frame      0x10001834       0x4c /opt/devkitpro/wut/lib/libwut.a(devoptab_fsa_chmod.o)
                                 0x60 (size before relaxing)
 .eh_frame      0x10001880       0x48 /opt/devkitpro/wut/lib/libwut.a(devoptab_fsa_close.o)
                                 0x5c (size before relaxing)
 .eh_frame      0x100018c8       0x28 /opt/devkitpro/devkitPPC/bin/../lib/gcc/powerpc-eabi/15.1.0/libgcc.a(_divdi3.o)
                                 0x3c (size before relaxing)
 .eh_frame      0x100018f0       0x3c /opt/devkitpro/devkitPPC/bin/../lib/gcc/powerpc-eabi/15.1.0/libgcc.a(_udivdi3.o)
                                 0x50 (size before relaxing)
 .eh_frame      0x1000192c       0x18 /opt/devkitpro/devkitPPC/bin/../lib/gcc/powerpc-eabi/15.1.0/../../../../powerpc-eabi/lib/libsysbase.a(libsysbase_libsysbase_a-abort.o)
                                 0x2c (size before relaxing)
 .eh_frame      0x10001944       0x48 /opt/devkitpro/devkitPPC/bin/../lib/gcc/powerpc-eabi/15.1.0/../../../../powerpc-eabi/lib/libsysbase.a(libsysbase_libsysbase_a-chdir.o)
                                 0xb4 (size before relaxing)
 .eh_frame      0x1000198c       0x8c /opt/devkitpro/devkitPPC/bin/../lib/gcc/powerpc-eabi/15.1.0/../../../../powerpc-eabi/lib/libsysbase.a(libsysbase_libsysbase_a-concatenate.o)
                                 0xa0 (size before relaxing)
 .eh_frame      0x10001a18       0x14 /opt/devkitpro/devkitPPC/bin/../lib/gcc/powerpc-eabi/15.1.0/../../../../powerpc-eabi/lib/libsysbase.a(libsysbase_libsysbase_a-getreent.o)
                                 0x28 (size before relaxing)
 .eh_frame      0x10001a2c      0x100 /opt/devkitpro/devkitPPC/bin/../lib/gcc/powerpc-eabi/15.1.0/../../../../powerpc-eabi/lib/libsysbase.a(libsysbase_libsysbase_a-iosupport.o)
                                0x13c (size before relaxing)
 .eh_frame      0x10001b2c       0x20 /opt/devkitpro/devkitPPC/bin/../lib/gcc/powerpc-eabi/15.1.0/../../../../powerpc-eabi/lib/libsysbase.a(libsysbase_libsysbase_a-_exit.o)
                                 0x34 (size before relaxing)
 .eh_frame      0x10001b4c       0x14 /opt/devkitpro/devkitPPC/bin/../lib/gcc/powerpc-eabi/15.1.0/../../../../powerpc-eabi/lib/libc.a(libc_a-strncpy.o)
                                 0x28 (size before relaxing)
 .eh_frame      0x10001b60       0x14 /opt/devkitpro/devkitPPC/bin/../lib/gcc/powerpc-eabi/15.1.0/../../../../powerpc-eabi/lib/libc.a(libc_a-strcmp.o)
                                 0x28 (size before relaxing)
 .eh_frame      0x10001b74       0x14 /opt/devkitpro/devkitPPC/bin/../lib/gcc/powerpc-eabi/15.1.0/../../../../powerpc-eabi/lib/libc.a(libc_a-memset.o)
                                 0x28 (size before relaxing)
 .eh_frame      0x10001b88       0x28 /opt/devkitpro/devkitPPC/bin/../lib/gcc/powerpc-eabi/15.1.0/../../../../powerpc-eabi/lib/libc.a(libc_a-strdup.o)
                                 0x3c (size before relaxing)
 .eh_frame      0x10001bb0       0x14 /opt/devkitpro/devkitPPC/bin/../lib/gcc/powerpc-eabi/15.1.0/../../../../powerpc-eabi/lib/libc.a(libc_a-strchr.o)
                                 0x28 (size before relaxing)
 .eh_frame      0x10001bc4       0x14 /opt/devkitpro/devkitPPC/bin/../lib/gcc/powerpc-eabi/15.1.0/../../../../powerpc-eabi/lib/libc.a(libc_a-memcpy.o)
                                 0x28 (size before relaxing)
 .eh_frame      0x10001bd8       0x14 /opt/devkitpro/devkitPPC/bin/../lib/gcc/powerpc-eabi/15.1.0/../../../../powerpc-eabi/lib/libc.a(libc_a-strncmp.o)
                                 0x28 (size before relaxing)
 .eh_frame      0x10001bec        0x0 /opt/devkitpro/devkitPPC/bin/../lib/gcc/powerpc-eabi/15.1.0/../../../../powerpc-eabi/lib/libc.a(libc_a-findfp.o)
                                0x1b4 (size before relaxing)
 .eh_frame      0x10001bec        0x0 /opt/devkitpro/devkitPPC/bin/../lib/gcc/powerpc-eabi/15.1.0/../../../../powerpc-eabi/lib/libc.a(libc_a-calloc.o)
                                 0x40 (size before relaxing)
 .eh_frame      0x10001bec       0x38 /opt/devkitpro/devkitPPC/bin/../lib/gcc/powerpc-eabi/15.1.0/../../../../powerpc-eabi/lib/libc.a(libc_a-reent.o)
                                 0x4c (size before relaxing)
 .eh_frame      0x10001c24        0x0 /opt/devkitpro/devkitPPC/bin/../lib/gcc/powerpc-eabi/15.1.0/../../../../powerpc-eabi/lib/libc.a(libc_a-fclose.o)
                                 0xa8 (size before relaxing)
 .eh_frame      0x10001c24       0x3c /opt/devkitpro/devkitPPC/bin/../lib/gcc/powerpc-eabi/15.1.0/../../../../powerpc-eabi/lib/libc.a(libc_a-callocr.o)
                                 0x50 (size before relaxing)
 .eh_frame      0x10001c60       0x14 /opt/devkitpro/devkitPPC/bin/../lib/gcc/powerpc-eabi/15.1.0/../../../../powerpc-eabi/lib/libc.a(libc_a-strlen.o)
                                 0x28 (size before relaxing)
 .eh_frame      0x10001c74       0x2c /opt/devkitpro/devkitPPC/bin/../lib/gcc/powerpc-eabi/15.1.0/../../../../powerpc-eabi/lib/libc.a(libc_a-strdup_r.o)
                                 0x40 (size before relaxing)
 .eh_frame      0x10001ca0       0x64 /opt/devkitpro/devkitPPC/bin/../lib/gcc/powerpc-eabi/15.1.0/../../../../powerpc-eabi/lib/libc.a(libc_a-mallocr.o)
                                 0x78 (size before relaxing)
 .eh_frame      0x10001d04       0x8c /opt/devkitpro/devkitPPC/bin/../lib/gcc/powerpc-eabi/15.1.0/../../../../powerpc-eabi/lib/libc.a(libc_a-freer.o)
                                 0xa0 (size before relaxing)
 .eh_frame      0x10001d90       0x2c /opt/devkitpro/devkitPPC/bin/../lib/gcc/powerpc-eabi/15.1.0/../../../../powerpc-eabi/lib/libc.a(libc_a-sprintf.o)
                                 0x64 (size before relaxing)
 .eh_frame      0x10001dbc       0x34 /opt/devkitpro/devkitPPC/bin/../lib/gcc/powerpc-eabi/15.1.0/../../../../powerpc-eabi/lib/libc.a(libc_a-strrchr.o)
                                 0x48 (size before relaxing)
 .eh_frame      0x10001df0       0x20 /opt/devkitpro/devkitPPC/bin/../lib/gcc/powerpc-eabi/15.1.0/../../../../powerpc-eabi/lib/libc.a(libc_a-errno.o)
                                 0x34 (size before relaxing)
 .eh_frame      0x10001e10       0x58 /opt/devkitpro/devkitPPC/bin/../lib/gcc/powerpc-eabi/15.1.0/../../../../powerpc-eabi/lib/libc.a(libc_a-malloc.o)
                                 0x6c (size before relaxing)
 .eh_frame      0x10001e68       0x20 /opt/devkitpro/devkitPPC/bin/../lib/gcc/powerpc-eabi/15.1.0/../../../../powerpc-eabi/lib/libc.a(libc_a-exit.o)
                                 0x34 (size before relaxing)
 .eh_frame      0x10001e88       0x40 /opt/devkitpro/devkitPPC/bin/../lib/gcc/powerpc-eabi/15.1.0/../../../../powerpc-eabi/lib/libc.a(libc_a-snprintf.o)
                                 0x84 (size before relaxing)
 .eh_frame      0x10001ec8        0x0 /opt/devkitpro/devkitPPC/bin/../lib/gcc/powerpc-eabi/15.1.0/../../../../powerpc-eabi/lib/libc.a(libc_a-ctype_.o)
                                 0x28 (size before relaxing)
 .eh_frame      0x10001ec8       0x14 /opt/devkitpro/devkitPPC/bin/../lib/gcc/powerpc-eabi/15.1.0/../../../../powerpc-eabi/lib/libc.a(libc_a-strnlen.o)
                                 0x28 (size before relaxing)
 .eh_frame      0x10001edc        0x0 /opt/devkitpro/devkitPPC/bin/../lib/gcc/powerpc-eabi/15.1.0/../../../../powerpc-eabi/lib/libc.a(libc_a-stdio.o)
                                 0xc8 (size before relaxing)
 .eh_frame      0x10001edc        0x0 /opt/devkitpro/devkitPPC/bin/../lib/gcc/powerpc-eabi/15.1.0/../../../../powerpc-eabi/lib/libc.a(libc_a-fflush.o)
                                0x11c (size before relaxing)
 .eh_frame      0x10001edc       0x2c /opt/devkitpro/devkitPPC/bin/../lib/gcc/powerpc-eabi/15.1.0/../../../../powerpc-eabi/lib/libc.a(libc_a-malign.o)
                                 0x40 (size before relaxing)
 .eh_frame      0x10001f08        0x0 /opt/devkitpro/devkitPPC/bin/../lib/gcc/powerpc-eabi/15.1.0/../../../../powerpc-eabi/lib/libc.a(libc_a-fwalk.o)
                                 0x48 (size before relaxing)
 .eh_frame      0x10001f08       0xb8 /opt/devkitpro/devkitPPC/bin/../lib/gcc/powerpc-eabi/15.1.0/../../../../powerpc-eabi/lib/libc.a(libc_a-svfprintf.o)
                                 0xcc (size before relaxing)
 .eh_frame      0x10001fc0       0x3c /opt/devkitpro/devkitPPC/bin/../lib/gcc/powerpc-eabi/15.1.0/../../../../powerpc-eabi/lib/libc.a(libc_a-wcrtomb.o)
                                 0x90 (size before relaxing)
 .eh_frame      0x10001ffc       0x60 /opt/devkitpro/devkitPPC/bin/../lib/gcc/powerpc-eabi/15.1.0/../../../../powerpc-eabi/lib/libc.a(libc_a-malignr.o)
                                 0x74 (size before relaxing)
 .eh_frame      0x1000205c      0x170 /opt/devkitpro/devkitPPC/bin/../lib/gcc/powerpc-eabi/15.1.0/../../../../powerpc-eabi/lib/libc.a(libc_a-dtoa.o)
                                0x184 (size before relaxing)
 .eh_frame      0x100021cc       0x88 /opt/devkitpro/devkitPPC/bin/../lib/gcc/powerpc-eabi/15.1.0/../../../../powerpc-eabi/lib/libc.a(libc_a-__call_atexit.o)
                                 0x9c (size before relaxing)
 .eh_frame      0x10002254        0x0 /opt/devkitpro/devkitPPC/bin/../lib/gcc/powerpc-eabi/15.1.0/../../../../powerpc-eabi/lib/libc.a(libc_a-svfiprintf.o)
                                 0xcc (size before relaxing)
 .eh_frame      0x10002254       0x14 /opt/devkitpro/devkitPPC/bin/../lib/gcc/powerpc-eabi/15.1.0/../../../../powerpc-eabi/lib/libc.a(libc_a-memchr.o)
                                 0x28 (size before relaxing)
 .eh_frame      0x10002268       0x14 /opt/devkitpro/devkitPPC/bin/../lib/gcc/powerpc-eabi/15.1.0/../../../../powerpc-eabi/lib/libc.a(libc_a-atexit.o)
                                 0x28 (size before relaxing)
 .eh_frame      0x1000227c       0x5c /opt/devkitpro/devkitPPC/bin/../lib/gcc/powerpc-eabi/15.1.0/../../../../powerpc-eabi/lib/libc.a(libc_a-ssprint_r.o)
                                 0x70 (size before relaxing)
 .eh_frame      0x100022d8       0x18 /opt/devkitpro/devkitPPC/bin/../lib/gcc/powerpc-eabi/15.1.0/../../../../powerpc-eabi/lib/libc.a(libm_a-s_frexp.o)
                                 0x2c (size before relaxing)
 .eh_frame      0x100022f0      0x254 /opt/devkitpro/devkitPPC/bin/../lib/gcc/powerpc-eabi/15.1.0/../../../../powerpc-eabi/lib/libc.a(libc_a-mprec.o)
                                0x3a4 (size before relaxing)
 .eh_frame      0x10002544       0x28 /opt/devkitpro/devkitPPC/bin/../lib/gcc/powerpc-eabi/15.1.0/../../../../powerpc-eabi/lib/libc.a(libc_a-localeconv.o)
                                 0x78 (size before relaxing)
 .eh_frame      0x1000256c       0x28 /opt/devkitpro/devkitPPC/bin/../lib/gcc/powerpc-eabi/15.1.0/../../../../powerpc-eabi/lib/libc.a(libc_a-locale.o)
                                0x26c (size before relaxing)
 .eh_frame      0x10002594       0x14 /opt/devkitpro/devkitPPC/bin/../lib/gcc/powerpc-eabi/15.1.0/../../../../powerpc-eabi/lib/libc.a(libc_a-wcsrtombs.o)
                                 0x5c (size before relaxing)
 .eh_frame      0x100025a8       0x38 /opt/devkitpro/devkitPPC/bin/../lib/gcc/powerpc-eabi/15.1.0/../../../../powerpc-eabi/lib/libc.a(libc_a-mbtowc_r.o)
                                0x1a4 (size before relaxing)
 .eh_frame      0x100025e0        0x0 /opt/devkitpro/devkitPPC/bin/../lib/gcc/powerpc-eabi/15.1.0/../../../../powerpc-eabi/lib/libc.a(libc_a-strcasecmp.o)
                                 0x28 (size before relaxing)
 .eh_frame      0x100025e0       0x30 /opt/devkitpro/devkitPPC/bin/../lib/gcc/powerpc-eabi/15.1.0/../../../../powerpc-eabi/lib/libc.a(libc_a-ssputs_r.o)
                                 0x44 (size before relaxing)
 .eh_frame      0x10002610        0x0 /opt/devkitpro/devkitPPC/bin/../lib/gcc/powerpc-eabi/15.1.0/../../../../powerpc-eabi/lib/libc.a(libc_a-strcat.o)
                                 0x3c (size before relaxing)
 .eh_frame      0x10002610       0x9c /opt/devkitpro/devkitPPC/bin/../lib/gcc/powerpc-eabi/15.1.0/../../../../powerpc-eabi/lib/libc.a(libc_a-wcsnrtombs.o)
                                 0xf4 (size before relaxing)
 .eh_frame      0x100026ac        0x0 /opt/devkitpro/devkitPPC/bin/../lib/gcc/powerpc-eabi/15.1.0/../../../../powerpc-eabi/lib/libc.a(libc_a-strtol.o)
                                 0xe8 (size before relaxing)
 .eh_frame      0x100026ac       0x14 /opt/devkitpro/devkitPPC/bin/../lib/gcc/powerpc-eabi/15.1.0/../../../../powerpc-eabi/lib/libc.a(libc_a-wctomb_r.o)
                                 0xb8 (size before relaxing)
 .eh_frame      0x100026c0        0x0 /opt/devkitpro/devkitPPC/bin/../lib/gcc/powerpc-eabi/15.1.0/../../../../powerpc-eabi/lib/libc.a(libc_a-strcpy.o)
                                 0x28 (size before relaxing)
 .eh_frame      0x100026c0        0x0 /opt/devkitpro/devkitPPC/bin/../lib/gcc/powerpc-eabi/15.1.0/../../../../powerpc-eabi/lib/libc.a(libc_a-strlcpy.o)
                                 0x28 (size before relaxing)
 .eh_frame      0x100026c0       0x38 /opt/devkitpro/devkitPPC/bin/../lib/gcc/powerpc-eabi/15.1.0/../../../../powerpc-eabi/lib/libc.a(libc_a-__atexit.o)
                                 0x4c (size before relaxing)
 .eh_frame      0x100026f8        0x0 /opt/devkitpro/devkitPPC/bin/../lib/gcc/powerpc-eabi/15.1.0/../../../../powerpc-eabi/lib/libc.a(libc_a-getenv_r.o)
                                 0x90 (size before relaxing)
 .eh_frame      0x100026f8       0x64 /opt/devkitpro/devkitPPC/bin/../lib/gcc/powerpc-eabi/15.1.0/../../../../powerpc-eabi/lib/libc.a(libc_a-reallocr.o)
                                 0x78 (size before relaxing)
 .eh_frame      0x1000275c        0x0 /opt/devkitpro/devkitPPC/bin/../lib/gcc/powerpc-eabi/15.1.0/../../../../powerpc-eabi/lib/libc.a(libc_a-envlock.o)
                                 0x48 (size before relaxing)
 .eh_frame      0x1000275c        0x0 /opt/devkitpro/devkitPPC/bin/../lib/gcc/powerpc-eabi/15.1.0/../../../../powerpc-eabi/lib/libc.a(libc_a-strncasecmp.o)
                                 0x28 (size before relaxing)
 .eh_frame      0x1000275c       0x14 /opt/devkitpro/devkitPPC/bin/../lib/gcc/powerpc-eabi/15.1.0/../../../../powerpc-eabi/lib/libc.a(libc_a-memmove.o)
                                 0x28 (size before relaxing)
 .eh_frame      0x10002770       0x18 /opt/devkitpro/devkitPPC/bin/../lib/gcc/powerpc-eabi/15.1.0/../../../../powerpc-eabi/lib/libsysbase.a(libsysbase_libsysbase_a-assert.o)
                                 0x2c (size before relaxing)
 .eh_frame      0x10002788        0x0 /opt/devkitpro/devkitPPC/bin/../lib/gcc/powerpc-eabi/15.1.0/../../../../powerpc-eabi/lib/libsysbase.a(libsysbase_libsysbase_a-flock.o)
                                 0x48 (size before relaxing)
 .eh_frame      0x10002788        0x0 /opt/devkitpro/devkitPPC/bin/../lib/gcc/powerpc-eabi/15.1.0/../../../../powerpc-eabi/lib/libsysbase.a(libsysbase_libsysbase_a-handle_manager.o)
                                0x19c (size before relaxing)
 .eh_frame      0x10002788        0x0 /opt/devkitpro/devkitPPC/bin/../lib/gcc/powerpc-eabi/15.1.0/../../../../powerpc-eabi/lib/libsysbase.a(libsysbase_libsysbase_a-lseek.o)
                                 0x5c (size before relaxing)
 .eh_frame      0x10002788        0x0 /opt/devkitpro/devkitPPC/bin/../lib/gcc/powerpc-eabi/15.1.0/../../../../powerpc-eabi/lib/libsysbase.a(libsysbase_libsysbase_a-read.o)
                                 0x58 (size before relaxing)
 .eh_frame      0x10002788       0x64 /opt/devkitpro/devkitPPC/bin/../lib/gcc/powerpc-eabi/15.1.0/../../../../powerpc-eabi/lib/libsysbase.a(libsysbase_libsysbase_a-syscall_support.o)
                                0x104 (size before relaxing)
 .eh_frame      0x100027ec        0x0 /opt/devkitpro/devkitPPC/bin/../lib/gcc/powerpc-eabi/15.1.0/../../../../powerpc-eabi/lib/libsysbase.a(libsysbase_libsysbase_a-write.o)
                                 0x58 (size before relaxing)
 .eh_frame      0x100027ec       0x2c /opt/devkitpro/devkitPPC/bin/../lib/gcc/powerpc-eabi/15.1.0/libgcc.a(_umoddi3.o)
                                 0x40 (size before relaxing)
 .eh_frame      0x10002818       0x7c /opt/devkitpro/devkitPPC/bin/../lib/gcc/powerpc-eabi/15.1.0/libgcc.a(crtresxgpr.o)
 .eh_frame      0x10002894        0x0 /opt/devkitpro/devkitPPC/bin/../lib/gcc/powerpc-eabi/15.1.0/crtend.o
                                  0x4 (size before relaxing)
 .eh_frame      0x10002894        0x4 /opt/devkitpro/devkitPPC/bin/../lib/gcc/powerpc-eabi/15.1.0/ecrtn.o
                0x10002894                __EH_FRAME_END__
 *(.eh_frame.*)

.data           0x10002898      0xb7c
 *(.data .data.* .gnu.linkonce.d.*)
 .data          0x10002898       0x24 main.o
                0x10002898                password
 .data          0x100028bc        0x4 /opt/devkitpro/devkitPPC/bin/../lib/gcc/powerpc-eabi/15.1.0/libgcc.a(eabi.o)
 .data._current_working_directory
                0x100028c0      0x400 /opt/devkitpro/devkitPPC/bin/../lib/gcc/powerpc-eabi/15.1.0/../../../../powerpc-eabi/lib/libsysbase.a(libsysbase_libsysbase_a-chdir.o)
 .data.devoptab_list
                0x10002cc0       0x8c /opt/devkitpro/devkitPPC/bin/../lib/gcc/powerpc-eabi/15.1.0/../../../../powerpc-eabi/lib/libsysbase.a(libsysbase_libsysbase_a-iosupport.o)
                0x10002cc0                devoptab_list
 .data.defaultDevice
                0x10002d4c        0x4 /opt/devkitpro/devkitPPC/bin/../lib/gcc/powerpc-eabi/15.1.0/../../../../powerpc-eabi/lib/libsysbase.a(libsysbase_libsysbase_a-iosupport.o)
 .data._impure_data
                0x10002d50      0x140 /opt/devkitpro/devkitPPC/bin/../lib/gcc/powerpc-eabi/15.1.0/../../../../powerpc-eabi/lib/libc.a(libc_a-impure.o)
                0x10002d50                _impure_data
 .data.__malloc_av_
                0x10002e90      0x408 /opt/devkitpro/devkitPPC/bin/../lib/gcc/powerpc-eabi/15.1.0/../../../../powerpc-eabi/lib/libc.a(libc_a-mallocr.o)
                0x10002e90                __malloc_av_
 .data.__global_locale
                0x10003298      0x16c /opt/devkitpro/devkitPPC/bin/../lib/gcc/powerpc-eabi/15.1.0/../../../../powerpc-eabi/lib/libc.a(libc_a-locale.o)
                0x10003298                __global_locale
 *(.data1)
 *(.sdata .sdata.* .gnu.linkonce.s.*)
 .sdata         0x10003404        0x0 /opt/devkitpro/devkitPPC/bin/../lib/gcc/powerpc-eabi/15.1.0/ecrti.o
                0x10003404                __SDATA_START__
 .sdata         0x10003404        0x0 /opt/devkitpro/devkitPPC/bin/../lib/gcc/powerpc-eabi/15.1.0/crtbegin.o
                0x1000b404                _SDA_BASE_
 .sdata         0x10003404        0x4 main.o
                0x10003404                password_len
 .sdata         0x10003408        0x4 /opt/devkitpro/devkitPPC/bin/../lib/gcc/powerpc-eabi/15.1.0/../../../../powerpc-eabi/lib/libc.a(libc_a-impure.o)
                0x10003408                _impure_ptr
 .sdata.__malloc_sbrk_base
                0x1000340c        0x4 /opt/devkitpro/devkitPPC/bin/../lib/gcc/powerpc-eabi/15.1.0/../../../../powerpc-eabi/lib/libc.a(libc_a-mallocr.o)
                0x1000340c                __malloc_sbrk_base
 .sdata.__malloc_trim_threshold
                0x10003410        0x4 /opt/devkitpro/devkitPPC/bin/../lib/gcc/powerpc-eabi/15.1.0/../../../../powerpc-eabi/lib/libc.a(libc_a-mallocr.o)
                0x10003410                __malloc_trim_threshold

.bss            0x10003420      0xe28
 *(.dynsbss)
 *(.sbss .sbss.* .gnu.linkonce.sb.*)
 .sbss          0x10003420        0xc main.o
                0x10003420                screen_initialized
                0x10003424                timeout_counter
                0x10003428                input_index
 .sbss.__wut_exit
                0x1000342c        0x4 /opt/devkitpro/wut/lib/libwut.a(wut_newlib.o)
                0x1000342c                __wut_exit
 .sbss.__stdio_exit_handler
                0x10003430        0x4 /opt/devkitpro/devkitPPC/bin/../lib/gcc/powerpc-eabi/15.1.0/../../../../powerpc-eabi/lib/libc.a(libc_a-findfp.o)
                0x10003430                __stdio_exit_handler
 .sbss.__malloc_max_total_mem
                0x10003434        0x4 /opt/devkitpro/devkitPPC/bin/../lib/gcc/powerpc-eabi/15.1.0/../../../../powerpc-eabi/lib/libc.a(libc_a-mallocr.o)
                0x10003434                __malloc_max_total_mem
 .sbss.__malloc_max_sbrked_mem
                0x10003438        0x4 /opt/devkitpro/devkitPPC/bin/../lib/gcc/powerpc-eabi/15.1.0/../../../../powerpc-eabi/lib/libc.a(libc_a-mallocr.o)
                0x10003438                __malloc_max_sbrked_mem
 .sbss.__malloc_top_pad
                0x1000343c        0x4 /opt/devkitpro/devkitPPC/bin/../lib/gcc/powerpc-eabi/15.1.0/../../../../powerpc-eabi/lib/libc.a(libc_a-mallocr.o)
                0x1000343c                __malloc_top_pad
 .sbss.__atexit
                0x10003440        0x4 /opt/devkitpro/devkitPPC/bin/../lib/gcc/powerpc-eabi/15.1.0/../../../../powerpc-eabi/lib/libc.a(libc_a-__call_atexit.o)
                0x10003440                __atexit
 .sbss.__atexit_recursive_mutex
                0x10003444        0x4 /opt/devkitpro/devkitPPC/bin/../lib/gcc/powerpc-eabi/15.1.0/../../../../powerpc-eabi/lib/libc.a(libc_a-__call_atexit.o)
                0x10003444                __atexit_recursive_mutex
 .sbss          0x10003448        0x0 /opt/devkitpro/devkitPPC/bin/../lib/gcc/powerpc-eabi/15.1.0/ecrtn.o
                0x10003448                __SBSS_END__
 *(.scommon)
 *(.dynbss)
 *(.bss .bss.* .gnu.linkonce.b.*)
 .bss.completed.2
                0x10003448        0x1 /opt/devkitpro/devkitPPC/bin/../lib/gcc/powerpc-eabi/15.1.0/crtbegin.o
 *fill*         0x10003449        0x3 
 .bss.dtor_idx.1
                0x1000344c        0x4 /opt/devkitpro/devkitPPC/bin/../lib/gcc/powerpc-eabi/15.1.0/crtbegin.o
 .bss.object.0  0x10003450       0x18 /opt/devkitpro/devkitPPC/bin/../lib/gcc/powerpc-eabi/15.1.0/crtbegin.o
 .bss           0x10003468       0x30 main.o
                0x10003468                input_sequence
 *fill*         0x10003498        0x8 
 .bss.sMallocSpinLock
                0x100034a0       0x10 /opt/devkitpro/wut/lib/libwut.a(wut_malloc_lock.o)
 .bss.sHeapSize
                0x100034b0        0x4 /opt/devkitpro/wut/lib/libwut.a(wut_sbrk.o)
 .bss.sHeapMaxSize
                0x100034b4        0x4 /opt/devkitpro/wut/lib/libwut.a(wut_sbrk.o)
 .bss.sHeapBase
                0x100034b8        0x4 /opt/devkitpro/wut/lib/libwut.a(wut_sbrk.o)
 .bss.sHeapHandle
                0x100034bc        0x4 /opt/devkitpro/wut/lib/libwut.a(wut_sbrk.o)
 .bss.__wut_fsa_device_data
                0x100034c0      0x3b8 /opt/devkitpro/wut/lib/libwut.a(devoptab_fsa.o)
                0x100034c0                __wut_fsa_device_data
 .bss.sLibcLockUsedMask
                0x10003878        0x4 /opt/devkitpro/wut/lib/libwut.a(wut_lock.o)
 .bss.sLibcLocks
                0x1000387c      0x2c0 /opt/devkitpro/wut/lib/libwut.a(wut_lock.o)
 .bss.temp_cwd  0x10003b3c      0x400 /opt/devkitpro/devkitPPC/bin/../lib/gcc/powerpc-eabi/15.1.0/../../../../powerpc-eabi/lib/libsysbase.a(libsysbase_libsysbase_a-chdir.o)
 *fill*         0x10003f3c        0x4 
 .bss.__sf      0x10003f40      0x150 /opt/devkitpro/devkitPPC/bin/../lib/gcc/powerpc-eabi/15.1.0/../../../../powerpc-eabi/lib/libc.a(libc_a-findfp.o)
                0x10003f40                __sf
 .bss.__malloc_current_mallinfo
                0x10004090       0x28 /opt/devkitpro/devkitPPC/bin/../lib/gcc/powerpc-eabi/15.1.0/../../../../powerpc-eabi/lib/libc.a(libc_a-mallocr.o)
                0x10004090                __malloc_current_mallinfo
 .bss.__atexit0
                0x100040b8      0x190 /opt/devkitpro/devkitPPC/bin/../lib/gcc/powerpc-eabi/15.1.0/../../../../powerpc-eabi/lib/libc.a(libc_a-__atexit.o)
                0x100040b8                __atexit0
 *(COMMON)

.iplt           0x10004250        0x0
 .iplt          0x10004250        0x0 /opt/devkitpro/devkitPPC/bin/../lib/gcc/powerpc-eabi/15.1.0/crtbegin.o
                0xc0000000                        . = ORIGIN (loadmem)

.wut_load_bounds
                0xc0000000        0x4
                0xc0000000        0x4 LONG 0x0

.fexports       0xc0000020       0x20
 *(.fexports)
 .fexports      0xc0000020       0x20 /opt/devkitpro/wut/lib/libwut.a(crt0_rpx.o)

.dexports
 *(.dexports)

.fimport_avm
 *(.fimport_avm)
 *(.fimport_avm.*)

.fimport_camera
 *(.fimport_camera)
 *(.fimport_camera.*)

.fimport_coreinit
                0xc0000040      0x1d0
 *(.fimport_coreinit)
 .fimport_coreinit
                0xc0000040       0x18 /opt/devkitpro/wut/lib/libwut.a(coreinit.o)
 *(.fimport_coreinit.*)
 .fimport_coreinit.FSAAddClient
                0xc0000058        0x8 /opt/devkitpro/wut/lib/libwut.a(coreinit.o)
                0xc0000058                FSAAddClient
 .fimport_coreinit.FSAChangeDir
                0xc0000060        0x8 /opt/devkitpro/wut/lib/libwut.a(coreinit.o)
                0xc0000060                FSAChangeDir
 .fimport_coreinit.FSAChangeMode
                0xc0000068        0x8 /opt/devkitpro/wut/lib/libwut.a(coreinit.o)
                0xc0000068                FSAChangeMode
 .fimport_coreinit.FSACloseDir
                0xc0000070        0x8 /opt/devkitpro/wut/lib/libwut.a(coreinit.o)
                0xc0000070                FSACloseDir
 .fimport_coreinit.FSACloseFile
                0xc0000078        0x8 /opt/devkitpro/wut/lib/libwut.a(coreinit.o)
                0xc0000078                FSACloseFile
 .fimport_coreinit.FSADelClient
                0xc0000080        0x8 /opt/devkitpro/wut/lib/libwut.a(coreinit.o)
                0xc0000080                FSADelClient
 .fimport_coreinit.FSAFlushFile
                0xc0000088        0x8 /opt/devkitpro/wut/lib/libwut.a(coreinit.o)
                0xc0000088                FSAFlushFile
 .fimport_coreinit.FSAGetDeviceInfo
                0xc0000090        0x8 /opt/devkitpro/wut/lib/libwut.a(coreinit.o)
                0xc0000090                FSAGetDeviceInfo
 .fimport_coreinit.FSAGetFreeSpaceSize
                0xc0000098        0x8 /opt/devkitpro/wut/lib/libwut.a(coreinit.o)
                0xc0000098                FSAGetFreeSpaceSize
 .fimport_coreinit.FSAGetStat
                0xc00000a0        0x8 /opt/devkitpro/wut/lib/libwut.a(coreinit.o)
                0xc00000a0                FSAGetStat
 .fimport_coreinit.FSAGetStatFile
                0xc00000a8        0x8 /opt/devkitpro/wut/lib/libwut.a(coreinit.o)
                0xc00000a8                FSAGetStatFile
 .fimport_coreinit.FSAInit
                0xc00000b0        0x8 /opt/devkitpro/wut/lib/libwut.a(coreinit.o)
                0xc00000b0                FSAInit
 .fimport_coreinit.FSAMakeDir
                0xc00000b8        0x8 /opt/devkitpro/wut/lib/libwut.a(coreinit.o)
                0xc00000b8                FSAMakeDir
 .fimport_coreinit.FSAMount
                0xc00000c0        0x8 /opt/devkitpro/wut/lib/libwut.a(coreinit.o)
                0xc00000c0                FSAMount
 .fimport_coreinit.FSAOpenDir
                0xc00000c8        0x8 /opt/devkitpro/wut/lib/libwut.a(coreinit.o)
                0xc00000c8                FSAOpenDir
 .fimport_coreinit.FSAOpenFileEx
                0xc00000d0        0x8 /opt/devkitpro/wut/lib/libwut.a(coreinit.o)
                0xc00000d0                FSAOpenFileEx
 .fimport_coreinit.FSAReadDir
                0xc00000d8        0x8 /opt/devkitpro/wut/lib/libwut.a(coreinit.o)
                0xc00000d8                FSAReadDir
 .fimport_coreinit.FSAReadFile
                0xc00000e0        0x8 /opt/devkitpro/wut/lib/libwut.a(coreinit.o)
                0xc00000e0                FSAReadFile
 .fimport_coreinit.FSARemove
                0xc00000e8        0x8 /opt/devkitpro/wut/lib/libwut.a(coreinit.o)
                0xc00000e8                FSARemove
 .fimport_coreinit.FSARename
                0xc00000f0        0x8 /opt/devkitpro/wut/lib/libwut.a(coreinit.o)
                0xc00000f0                FSARename
 .fimport_coreinit.FSARewindDir
                0xc00000f8        0x8 /opt/devkitpro/wut/lib/libwut.a(coreinit.o)
                0xc00000f8                FSARewindDir
 .fimport_coreinit.FSASetPosFile
                0xc0000100        0x8 /opt/devkitpro/wut/lib/libwut.a(coreinit.o)
                0xc0000100                FSASetPosFile
 .fimport_coreinit.FSATruncateFile
                0xc0000108        0x8 /opt/devkitpro/wut/lib/libwut.a(coreinit.o)
                0xc0000108                FSATruncateFile
 .fimport_coreinit.FSAUnmount
                0xc0000110        0x8 /opt/devkitpro/wut/lib/libwut.a(coreinit.o)
                0xc0000110                FSAUnmount
 .fimport_coreinit.FSAWriteFile
                0xc0000118        0x8 /opt/devkitpro/wut/lib/libwut.a(coreinit.o)
                0xc0000118                FSAWriteFile
 .fimport_coreinit.MEMAllocFromExpHeapEx
                0xc0000120        0x8 /opt/devkitpro/wut/lib/libwut.a(coreinit.o)
                0xc0000120                MEMAllocFromExpHeapEx
 .fimport_coreinit.MEMFreeToExpHeap
                0xc0000128        0x8 /opt/devkitpro/wut/lib/libwut.a(coreinit.o)
                0xc0000128                MEMFreeToExpHeap
 .fimport_coreinit.MEMGetAllocatableSizeForExpHeapEx
                0xc0000130        0x8 /opt/devkitpro/wut/lib/libwut.a(coreinit.o)
                0xc0000130                MEMGetAllocatableSizeForExpHeapEx
 .fimport_coreinit.OSCompareAndSwapAtomicEx
                0xc0000138        0x8 /opt/devkitpro/wut/lib/libwut.a(coreinit.o)
                0xc0000138                OSCompareAndSwapAtomicEx
 .fimport_coreinit.OSFatal
                0xc0000140        0x8 /opt/devkitpro/wut/lib/libwut.a(coreinit.o)
                0xc0000140                OSFatal
 .fimport_coreinit.OSGetCurrentThread
                0xc0000148        0x8 /opt/devkitpro/wut/lib/libwut.a(coreinit.o)
                0xc0000148                OSGetCurrentThread
 .fimport_coreinit.OSGetSystemInfo
                0xc0000150        0x8 /opt/devkitpro/wut/lib/libwut.a(coreinit.o)
                0xc0000150                OSGetSystemInfo
 .fimport_coreinit.OSGetThreadSpecific
                0xc0000158        0x8 /opt/devkitpro/wut/lib/libwut.a(coreinit.o)
                0xc0000158                OSGetThreadSpecific
 .fimport_coreinit.OSInitMutex
                0xc0000160        0x8 /opt/devkitpro/wut/lib/libwut.a(coreinit.o)
                0xc0000160                OSInitMutex
 .fimport_coreinit.OSInitMutexEx
                0xc0000168        0x8 /opt/devkitpro/wut/lib/libwut.a(coreinit.o)
                0xc0000168                OSInitMutexEx
 .fimport_coreinit.OSInitSpinLock
                0xc0000170        0x8 /opt/devkitpro/wut/lib/libwut.a(coreinit.o)
                0xc0000170                OSInitSpinLock
 .fimport_coreinit.OSIsDebuggerInitialized
                0xc0000178        0x8 /opt/devkitpro/wut/lib/libwut.a(coreinit.o)
                0xc0000178                OSIsDebuggerInitialized
 .fimport_coreinit.OSIsDebuggerPresent
                0xc0000180        0x8 /opt/devkitpro/wut/lib/libwut.a(coreinit.o)
                0xc0000180                OSIsDebuggerPresent
 .fimport_coreinit.OSLockMutex
                0xc0000188        0x8 /opt/devkitpro/wut/lib/libwut.a(coreinit.o)
                0xc0000188                OSLockMutex
 .fimport_coreinit.OSScreenClearBufferEx
                0xc0000190        0x8 /opt/devkitpro/wut/lib/libwut.a(coreinit.o)
                0xc0000190                OSScreenClearBufferEx
 .fimport_coreinit.OSScreenEnableEx
                0xc0000198        0x8 /opt/devkitpro/wut/lib/libwut.a(coreinit.o)
                0xc0000198                OSScreenEnableEx
 .fimport_coreinit.OSScreenFlipBuffersEx
                0xc00001a0        0x8 /opt/devkitpro/wut/lib/libwut.a(coreinit.o)
                0xc00001a0                OSScreenFlipBuffersEx
 .fimport_coreinit.OSScreenGetBufferSizeEx
                0xc00001a8        0x8 /opt/devkitpro/wut/lib/libwut.a(coreinit.o)
                0xc00001a8                OSScreenGetBufferSizeEx
 .fimport_coreinit.OSScreenInit
                0xc00001b0        0x8 /opt/devkitpro/wut/lib/libwut.a(coreinit.o)
                0xc00001b0                OSScreenInit
 .fimport_coreinit.OSScreenPutFontEx
                0xc00001b8        0x8 /opt/devkitpro/wut/lib/libwut.a(coreinit.o)
                0xc00001b8                OSScreenPutFontEx
 .fimport_coreinit.OSScreenSetBufferEx
                0xc00001c0        0x8 /opt/devkitpro/wut/lib/libwut.a(coreinit.o)
                0xc00001c0                OSScreenSetBufferEx
 .fimport_coreinit.OSScreenShutdown
                0xc00001c8        0x8 /opt/devkitpro/wut/lib/libwut.a(coreinit.o)
                0xc00001c8                OSScreenShutdown
 .fimport_coreinit.OSSetThreadCleanupCallback
                0xc00001d0        0x8 /opt/devkitpro/wut/lib/libwut.a(coreinit.o)
                0xc00001d0                OSSetThreadCleanupCallback
 .fimport_coreinit.OSSetThreadSpecific
                0xc00001d8        0x8 /opt/devkitpro/wut/lib/libwut.a(coreinit.o)
                0xc00001d8                OSSetThreadSpecific
 .fimport_coreinit.OSSleepTicks
                0xc00001e0        0x8 /opt/devkitpro/wut/lib/libwut.a(coreinit.o)
                0xc00001e0                OSSleepTicks
 .fimport_coreinit.OSUninterruptibleSpinLock_Acquire
                0xc00001e8        0x8 /opt/devkitpro/wut/lib/libwut.a(coreinit.o)
                0xc00001e8                OSUninterruptibleSpinLock_Acquire
 .fimport_coreinit.OSUninterruptibleSpinLock_Release
                0xc00001f0        0x8 /opt/devkitpro/wut/lib/libwut.a(coreinit.o)
                0xc00001f0                OSUninterruptibleSpinLock_Release
 .fimport_coreinit.OSUnlockMutex
                0xc00001f8        0x8 /opt/devkitpro/wut/lib/libwut.a(coreinit.o)
                0xc00001f8                OSUnlockMutex
 .fimport_coreinit.__os_snprintf
                0xc0000200        0x8 /opt/devkitpro/wut/lib/libwut.a(coreinit.o)
                0xc0000200                __os_snprintf
 .fimport_coreinit.__rplwrap_exit
                0xc0000208        0x8 /opt/devkitpro/wut/lib/libwut.a(coreinit.o)
                0xc0000208                __rplwrap_exit

.fimport_dc
 *(.fimport_dc)
 *(.fimport_dc.*)

.fimport_dmae
 *(.fimport_dmae)
 *(.fimport_dmae.*)

.fimport_drmapp
 *(.fimport_drmapp)
 *(.fimport_drmapp.*)

.fimport_erreula
 *(.fimport_erreula)
 *(.fimport_erreula.*)

.fimport_gx2
 *(.fimport_gx2)
 *(.fimport_gx2.*)

.fimport_h264
 *(.fimport_h264)
 *(.fimport_h264.*)

.fimport_lzma920
 *(.fimport_lzma920)
 *(.fimport_lzma920.*)

.fimport_mic
 *(.fimport_mic)
 *(.fimport_mic.*)

.fimport_nfc
 *(.fimport_nfc)
 *(.fimport_nfc.*)

.fimport_nio_prof
 *(.fimport_nio_prof)
 *(.fimport_nio_prof.*)

.fimport_nlibcurl
 *(.fimport_nlibcurl)
 *(.fimport_nlibcurl.*)

.fimport_nlibnss2
 *(.fimport_nlibnss2)
 *(.fimport_nlibnss2.*)

.fimport_nlibnss
 *(.fimport_nlibnss)
 *(.fimport_nlibnss.*)

.fimport_nn_ac
 *(.fimport_nn_ac)
 *(.fimport_nn_ac.*)

.fimport_nn_acp
 *(.fimport_nn_acp)
 *(.fimport_nn_acp.*)

.fimport_nn_act
 *(.fimport_nn_act)
 *(.fimport_nn_act.*)

.fimport_nn_aoc
 *(.fimport_nn_aoc)
 *(.fimport_nn_aoc.*)

.fimport_nn_boss
 *(.fimport_nn_boss)
 *(.fimport_nn_boss.*)

.fimport_nn_ccr
 *(.fimport_nn_ccr)
 *(.fimport_nn_ccr.*)

.fimport_nn_cmpt
 *(.fimport_nn_cmpt)
 *(.fimport_nn_cmpt.*)

.fimport_nn_dlp
 *(.fimport_nn_dlp)
 *(.fimport_nn_dlp.*)

.fimport_nn_ec
 *(.fimport_nn_ec)
 *(.fimport_nn_ec.*)

.fimport_nn_fp
 *(.fimport_nn_fp)
 *(.fimport_nn_fp.*)

.fimport_nn_hai
 *(.fimport_nn_hai)
 *(.fimport_nn_hai.*)

.fimport_nn_hpad
 *(.fimport_nn_hpad)
 *(.fimport_nn_hpad.*)

.fimport_nn_idbe
 *(.fimport_nn_idbe)
 *(.fimport_nn_idbe.*)

.fimport_nn_ndm
 *(.fimport_nn_ndm)
 *(.fimport_nn_ndm.*)

.fimport_nn_nets2
 *(.fimport_nn_nets2)
 *(.fimport_nn_nets2.*)

.fimport_nn_nfp
 *(.fimport_nn_nfp)
 *(.fimport_nn_nfp.*)

.fimport_nn_nim
 *(.fimport_nn_nim)
 *(.fimport_nn_nim.*)

.fimport_nn_olv
 *(.fimport_nn_olv)
 *(.fimport_nn_olv.*)

.fimport_nn_pdm
 *(.fimport_nn_pdm)
 *(.fimport_nn_pdm.*)

.fimport_nn_save
 *(.fimport_nn_save)
 *(.fimport_nn_save.*)

.fimport_nn_sl
 *(.fimport_nn_sl)
 *(.fimport_nn_sl.*)

.fimport_nn_spm
 *(.fimport_nn_spm)
 *(.fimport_nn_spm.*)

.fimport_nn_temp
 *(.fimport_nn_temp)
 *(.fimport_nn_temp.*)

.fimport_nn_uds
 *(.fimport_nn_uds)
 *(.fimport_nn_uds.*)

.fimport_nn_vctl
 *(.fimport_nn_vctl)
 *(.fimport_nn_vctl.*)

.fimport_nsysccr
 *(.fimport_nsysccr)
 *(.fimport_nsysccr.*)

.fimport_nsyshid
 *(.fimport_nsyshid)
 *(.fimport_nsyshid.*)

.fimport_nsyskbd
 *(.fimport_nsyskbd)
 *(.fimport_nsyskbd.*)

.fimport_nsysnet
 *(.fimport_nsysnet)
 *(.fimport_nsysnet.*)

.fimport_nsysuhs
 *(.fimport_nsysuhs)
 *(.fimport_nsysuhs.*)

.fimport_nsysuvd
 *(.fimport_nsysuvd)
 *(.fimport_nsysuvd.*)

.fimport_ntag
 *(.fimport_ntag)
 *(.fimport_ntag.*)

.fimport_padscore
 *(.fimport_padscore)
 *(.fimport_padscore.*)

.fimport_proc_ui
 *(.fimport_proc_ui)
 *(.fimport_proc_ui.*)

.fimport_sndcore2
 *(.fimport_sndcore2)
 *(.fimport_sndcore2.*)

.fimport_snd_core
 *(.fimport_snd_core)
 *(.fimport_snd_core.*)

.fimport_snduser2
 *(.fimport_snduser2)
 *(.fimport_snduser2.*)

.fimport_snd_user
 *(.fimport_snd_user)
 *(.fimport_snd_user.*)

.fimport_swkbd
 *(.fimport_swkbd)
 *(.fimport_swkbd.*)

.fimport_sysapp
 *(.fimport_sysapp)
 *(.fimport_sysapp.*)

.fimport_tcl
 *(.fimport_tcl)
 *(.fimport_tcl.*)

.fimport_tve
 *(.fimport_tve)
 *(.fimport_tve.*)

.fimport_uac
 *(.fimport_uac)
 *(.fimport_uac.*)

.fimport_uac_rpl
 *(.fimport_uac_rpl)
 *(.fimport_uac_rpl.*)

.fimport_usb_mic
 *(.fimport_usb_mic)
 *(.fimport_usb_mic.*)

.fimport_uvc
 *(.fimport_uvc)
 *(.fimport_uvc.*)

.fimport_uvd
 *(.fimport_uvd)
 *(.fimport_uvd.*)

.fimport_vpadbase
 *(.fimport_vpadbase)
 *(.fimport_vpadbase.*)

.fimport_vpad   0xc0000210       0x28
 *(.fimport_vpad)
 .fimport_vpad  0xc0000210       0x10 /opt/devkitpro/wut/lib/libwut.a(vpad.o)
 *(.fimport_vpad.*)
 .fimport_vpad.VPADInit
                0xc0000220        0x8 /opt/devkitpro/wut/lib/libwut.a(vpad.o)
                0xc0000220                VPADInit
 .fimport_vpad.VPADRead
                0xc0000228        0x8 /opt/devkitpro/wut/lib/libwut.a(vpad.o)
                0xc0000228                VPADRead
 .fimport_vpad.VPADShutdown
                0xc0000230        0x8 /opt/devkitpro/wut/lib/libwut.a(vpad.o)
                0xc0000230                VPADShutdown

.dimport_coreinit
                0xc0000240       0x30
 *(.dimport_coreinit)
 .dimport_coreinit
                0xc0000240       0x18 /opt/devkitpro/wut/lib/libwut.a(coreinit.o)
 *(.dimport_coreinit.*)
 .dimport_coreinit.MEMAllocFromDefaultHeap
                0xc0000258        0x8 /opt/devkitpro/wut/lib/libwut.a(coreinit.o)
                0xc0000258                MEMAllocFromDefaultHeap
 .dimport_coreinit.MEMAllocFromDefaultHeapEx
                0xc0000260        0x8 /opt/devkitpro/wut/lib/libwut.a(coreinit.o)
                0xc0000260                MEMAllocFromDefaultHeapEx
 .dimport_coreinit.MEMFreeToDefaultHeap
                0xc0000268        0x8 /opt/devkitpro/wut/lib/libwut.a(coreinit.o)
                0xc0000268                MEMFreeToDefaultHeap

.rela.dyn       0xc0000270        0x0
 .rela.iplt     0xc0000270        0x0 /opt/devkitpro/devkitPPC/bin/../lib/gcc/powerpc-eabi/15.1.0/crtbegin.o
 .rela.text.__do_global_dtors_aux
                0xc0000270        0x0 /opt/devkitpro/devkitPPC/bin/../lib/gcc/powerpc-eabi/15.1.0/crtbegin.o
 .rela.text.frame_dummy
                0xc0000270        0x0 /opt/devkitpro/devkitPPC/bin/../lib/gcc/powerpc-eabi/15.1.0/crtbegin.o
 .rela.text.__init_wut
                0xc0000270        0x0 /opt/devkitpro/devkitPPC/bin/../lib/gcc/powerpc-eabi/15.1.0/crtbegin.o
 .rela.text.__fini_wut
                0xc0000270        0x0 /opt/devkitpro/devkitPPC/bin/../lib/gcc/powerpc-eabi/15.1.0/crtbegin.o

.dimport_nn_act
 *(.dimport_nn_act)
 *(.dimport_nn_act.*)

.dimport_nn_boss
 *(.dimport_nn_boss)
 *(.dimport_nn_boss.*)

.dimport_nn_ec
 *(.dimport_nn_ec)
 *(.dimport_nn_ec.*)

.dimport_nn_nim
 *(.dimport_nn_nim)
 *(.dimport_nn_nim.*)

.dimport_nn_sl
 *(.dimport_nn_sl)
 *(.dimport_nn_sl.*)

.dimport_nn_uds
 *(.dimport_nn_uds)
 *(.dimport_nn_uds.*)

/DISCARD/
 *(.abs)
 *(.comment)
 *(.gnu.attributes)
 *(.gnu.version)
 *(.gnu.version_d)
 *(.gnu.version_r)
LOAD /opt/devkitpro/devkitPPC/bin/../lib/gcc/powerpc-eabi/15.1.0/ecrti.o
LOAD /opt/devkitpro/devkitPPC/bin/../lib/gcc/powerpc-eabi/15.1.0/crtbegin.o
LOAD main.o
LOAD /opt/devkitpro/wut/lib/libwut.a
LOAD /opt/devkitpro/devkitPPC/bin/../lib/gcc/powerpc-eabi/15.1.0/libgcc.a
START GROUP
LOAD /opt/devkitpro/devkitPPC/bin/../lib/gcc/powerpc-eabi/15.1.0/../../../../powerpc-eabi/lib/libsysbase.a
LOAD /opt/devkitpro/devkitPPC/bin/../lib/gcc/powerpc-eabi/15.1.0/../../../../powerpc-eabi/lib/libc.a
END GROUP
LOAD /opt/devkitpro/devkitPPC/bin/../lib/gcc/powerpc-eabi/15.1.0/libgcc.a
LOAD /opt/devkitpro/devkitPPC/bin/../lib/gcc/powerpc-eabi/15.1.0/crtend.o
LOAD /opt/devkitpro/devkitPPC/bin/../lib/gcc/powerpc-eabi/15.1.0/ecrtn.o
OUTPUT(/project/01_boot_password.elf elf32-powerpc)

.debug_line     0x00000000     0xbfc0
 .debug_line    0x00000000       0x5c /opt/devkitpro/wut/lib/libwut.a(crt0_rpx.o)
 .debug_line    0x0000005c       0xf0 /opt/devkitpro/wut/lib/libwut.a(wut_crt.o)
 .debug_line    0x0000014c      0x1a8 /opt/devkitpro/wut/lib/libwut.a(wut_preinit.o)
 .debug_line    0x000002f4      0x273 /opt/devkitpro/wut/lib/libwut.a(wut_malloc_lock.o)
 .debug_line    0x00000567      0x647 /opt/devkitpro/wut/lib/libwut.a(wut_newlib.o)
 .debug_line    0x00000bae      0x3ee /opt/devkitpro/wut/lib/libwut.a(wut_reent.o)
 .debug_line    0x00000f9c      0x3e8 /opt/devkitpro/wut/lib/libwut.a(wut_sbrk.o)
 .debug_line    0x00001384      0x127 /opt/devkitpro/wut/lib/libwut.a(wut_thread_specific.o)
 .debug_line    0x000014ab      0x28c /opt/devkitpro/wut/lib/libwut.a(wut_defaultheap.o)
 .debug_line    0x00001737      0x60f /opt/devkitpro/wut/lib/libwut.a(wut_gthread.o)
 .debug_line    0x00001d46      0x6af /opt/devkitpro/wut/lib/libwut.a(wut_gthread_keys.o)
 .debug_line    0x000023f5      0x351 /opt/devkitpro/wut/lib/libwut.a(wut_gthread_mutex.o)
 .debug_line    0x00002746      0x2f0 /opt/devkitpro/wut/lib/libwut.a(wut_gthread_once.o)
 .debug_line    0x00002a36      0x367 /opt/devkitpro/wut/lib/libwut.a(wut_gthread_recursive_mutex.o)
 .debug_line    0x00002d9d      0x530 /opt/devkitpro/wut/lib/libwut.a(wut_gthread_thread.o)
 .debug_line    0x000032cd      0x5a7 /opt/devkitpro/wut/lib/libwut.a(devoptab_fsa.o)
 .debug_line    0x00003874      0x5a4 /opt/devkitpro/wut/lib/libwut.a(devoptab_fsa_dirclose.o)
 .debug_line    0x00003e18      0x649 /opt/devkitpro/wut/lib/libwut.a(devoptab_fsa_dirnext.o)
 .debug_line    0x00004461      0x65f /opt/devkitpro/wut/lib/libwut.a(devoptab_fsa_diropen.o)
 .debug_line    0x00004ac0      0x5a4 /opt/devkitpro/wut/lib/libwut.a(devoptab_fsa_dirreset.o)
 .debug_line    0x00005064      0x5bf /opt/devkitpro/wut/lib/libwut.a(devoptab_fsa_fstat.o)
 .debug_line    0x00005623      0x59a /opt/devkitpro/wut/lib/libwut.a(devoptab_fsa_fsync.o)
 .debug_line    0x00005bbd      0x457 /opt/devkitpro/wut/lib/libwut.a(devoptab_fsa_mkdir.o)
 .debug_line    0x00006014      0x922 /opt/devkitpro/wut/lib/libwut.a(devoptab_fsa_open.o)
 .debug_line    0x00006936      0x62a /opt/devkitpro/wut/lib/libwut.a(devoptab_fsa_read.o)
 .debug_line    0x00006f60      0x456 /opt/devkitpro/wut/lib/libwut.a(devoptab_fsa_rename.o)
 .debug_line    0x000073b6      0x41f /opt/devkitpro/wut/lib/libwut.a(devoptab_fsa_rmdir.o)
 .debug_line    0x000077d5      0x660 /opt/devkitpro/wut/lib/libwut.a(devoptab_fsa_seek.o)
 .debug_line    0x00007e35      0x44f /opt/devkitpro/wut/lib/libwut.a(devoptab_fsa_stat.o)
 .debug_line    0x00008284      0x4bb /opt/devkitpro/wut/lib/libwut.a(devoptab_fsa_statvfs.o)
 .debug_line    0x0000873f      0x5b0 /opt/devkitpro/wut/lib/libwut.a(devoptab_fsa_truncate.o)
 .debug_line    0x00008cef      0x41f /opt/devkitpro/wut/lib/libwut.a(devoptab_fsa_unlink.o)
 .debug_line    0x0000910e      0x8d0 /opt/devkitpro/wut/lib/libwut.a(devoptab_fsa_utils.o)
 .debug_line    0x000099de      0x664 /opt/devkitpro/wut/lib/libwut.a(devoptab_fsa_write.o)
 .debug_line    0x0000a042      0x328 /opt/devkitpro/wut/lib/libwut.a(wut_clock.o)
 .debug_line    0x0000a36a      0x2a2 /opt/devkitpro/wut/lib/libwut.a(wut_gettod_r.o)
 .debug_line    0x0000a60c      0x3b9 /opt/devkitpro/wut/lib/libwut.a(wut_lock.o)
 .debug_line    0x0000a9c5      0x203 /opt/devkitpro/wut/lib/libwut.a(wut_nanosleep.o)
 .debug_line    0x0000abc8      0x48c /opt/devkitpro/wut/lib/libwut.a(wut_gthread_cond.o)
 .debug_line    0x0000b054      0x459 /opt/devkitpro/wut/lib/libwut.a(devoptab_fsa_chdir.o)
 .debug_line    0x0000b4ad      0x579 /opt/devkitpro/wut/lib/libwut.a(devoptab_fsa_chmod.o)
 .debug_line    0x0000ba26      0x59a /opt/devkitpro/wut/lib/libwut.a(devoptab_fsa_close.o)

.debug_line_str
                0x00000000       0xa0
 .debug_line_str
                0x00000000       0xa0 /opt/devkitpro/wut/lib/libwut.a(crt0_rpx.o)

.debug_info     0x00000000    0x47e2e
 .debug_info    0x00000000       0x24 /opt/devkitpro/wut/lib/libwut.a(crt0_rpx.o)
 .debug_info    0x00000024      0x123 /opt/devkitpro/wut/lib/libwut.a(wut_crt.o)